_kJFhfHFurOSMfRHihdUBRei/FTRTEW/FERYT;ERT_A__kJFhfHFurOSMfRHihdUBRei_	78a9db7811d789ba0cb5d4cab1d71327
_kJFhfHFurOSMfRHihdUBRei/FTRTEW/FERYT;ERT_b__kJFhfHFurOSMfRHihdUBRei_	0134fa9608b3c26ae72b7fb865306705
_kJFhfHFurOSMfRHihdUBRei/FTRTEW/FERYT;ERT_B__kJFhfHFurOSMfRHihdUBRei_	92b650e6d12b3088add3be1ce8e0a5e4
_kJFhfHFurOSMfRHihdUBRei/FTRTEW/FERYT;ERT_c__kJFhfHFurOSMfRHihdUBRei_	f2ec02bb46a9ea9e2ce8b89963c382dc
_kJFhfHFurOSMfRHihdUBRei/FTRTEW/FERYT;ERT_C__kJFhfHFurOSMfRHihdUBRei_	519708fd95fd3a1259f121905d61bde5
_kJFhfHFurOSMfRHihdUBRei/FTRTEW/FERYT;ERT_d__kJFhfHFurOSMfRHihdUBRei_	ae1bf83d68f30c0bdafb12f50256fbbe
_kJFhfHFurOSMfRHihdUBRei/FTRTEW/FERYT;ERT_D__kJFhfHFurOSMfRHihdUBRei_	72a2b34f99580f86c6ef4c625fb73feb
_kJFhfHFurOSMfRHihdUBRei/FTRTEW/FERYT;ERT_e__kJFhfHFurOSMfRHihdUBRei_	ef0671307d5e65d74541648421ec3047
_kJFhfHFurOSMfRHihdUBRei/FTRTEW/FERYT;ERT_E__kJFhfHFurOSMfRHihdUBRei_	f4f2174ff4f052099b96c55eb3c9c69c
_kJFhfHFurOSMfRHihdUBRei/FTRTEW/FERYT;ERT_f__kJFhfHFurOSMfRHihdUBRei_	27cd2d958e3c5d23bec29e5456eb96d6
_kJFhfHFurOSMfRHihdUBRei/FTRTEW/FERYT;ERT_F__kJFhfHFurOSMfRHihdUBRei_	2b46944c613f1b30ea92c1ed4dd08159
_kJFhfHFurOSMfRHihdUBRei/FTRTEW/FERYT;ERT_g__kJFhfHFurOSMfRHihdUBRei_	6de4e0957bf668fee9ceaa31b428d318
_kJFhfHFurOSMfRHihdUBRei/FTRTEW/FERYT;ERT_G__kJFhfHFurOSMfRHihdUBRei_	b138238d1a69abeb7d0f02f0815b99a8
_kJFhfHFurOSMfRHihdUBRei/FTRTEW/FERYT;ERT_h__kJFhfHFurOSMfRHihdUBRei_	eab48e5a379bca9b3a4adc0b6d505cea
_kJFhfHFurOSMfRHihdUBRei/FTRTEW/FERYT;ERT_H__kJFhfHFurOSMfRHihdUBRei_	3d09ad32ad63e525ca3683a937b7bcab
_kJFhfHFurOSMfRHihdUBRei/FTRTEW/FERYT;ERT_i__kJFhfHFurOSMfRHihdUBRei_	ff29618f6d3c998f8b1c01ca1f9a8f02
_kJFhfHFurOSMfRHihdUBRei/FTRTEW/FERYT;ERT_I__kJFhfHFurOSMfRHihdUBRei_	4d76d3019e927c24c4e0973ec24f1e22
_kJFhfHFurOSMfRHihdUBRei/FTRTEW/FERYT;ERT_j__kJFhfHFurOSMfRHihdUBRei_	9257dd13bc21639ed16ac186a209d428
_kJFhfHFurOSMfRHihdUBRei/FTRTEW/FERYT;ERT_J__kJFhfHFurOSMfRHihdUBRei_	416af78154095a1fdef146eb2309d842
_kJFhfHFurOSMfRHihdUBRei/FTRTEW/FERYT;ERT_k__kJFhfHFurOSMfRHihdUBRei_	33cc7e94afbcdffc2a0b3fdea9820868
_kJFhfHFurOSMfRHihdUBRei/FTRTEW/FERYT;ERT_K__kJFhfHFurOSMfRHihdUBRei_	e953fdf79f3049fc1fd86dbd80318ff1
_kJFhfHFurOSMfRHihdUBRei/FTRTEW/FERYT;ERT_l__kJFhfHFurOSMfRHihdUBRei_	6aed451c89daddb7135f75f4e9a5cb36
_kJFhfHFurOSMfRHihdUBRei/FTRTEW/FERYT;ERT_L__kJFhfHFurOSMfRHihdUBRei_	0fc07255e7751117a22e1036f26d440f
_kJFhfHFurOSMfRHihdUBRei/FTRTEW/FERYT;ERT_m__kJFhfHFurOSMfRHihdUBRei_	9c3ca438e99a00709d7c995562c495f7
_kJFhfHFurOSMfRHihdUBRei/FTRTEW/FERYT;ERT_M__kJFhfHFurOSMfRHihdUBRei_	4f7f8a9649d0a26b442b7c27e243ccd4
_kJFhfHFurOSMfRHihdUBRei/FTRTEW/FERYT;ERT_n__kJFhfHFurOSMfRHihdUBRei_	77cfcd9f0542218e48d0f9bfb81b30cf
_kJFhfHFurOSMfRHihdUBRei/FTRTEW/FERYT;ERT_N__kJFhfHFurOSMfRHihdUBRei_	8f7a2effea98569620d6a164f46ab1ad
_kJFhfHFurOSMfRHihdUBRei/FTRTEW/FERYT;ERT_o__kJFhfHFurOSMfRHihdUBRei_	2559325660ca9400e0af8b0a1e106b48
_kJFhfHFurOSMfRHihdUBRei/FTRTEW/FERYT;ERT_O__kJFhfHFurOSMfRHihdUBRei_	57883e0b389c9d845c01b91dbebcb44e
_kJFhfHFurOSMfRHihdUBRei/FTRTEW/FERYT;ERT_p__kJFhfHFurOSMfRHihdUBRei_	eeb93aa6764414903ef1ddc73b5949c6
_kJFhfHFurOSMfRHihdUBRei/FTRTEW/FERYT;ERT_P__kJFhfHFurOSMfRHihdUBRei_	c8bbb5acd2980696f18e18278b0eca08
_kJFhfHFurOSMfRHihdUBRei/FTRTEW/FERYT;ERT_q__kJFhfHFurOSMfRHihdUBRei_	764e556e2df6637a2dbac3d4d0e38b52
_kJFhfHFurOSMfRHihdUBRei/FTRTEW/FERYT;ERT_Q__kJFhfHFurOSMfRHihdUBRei_	76bff79098b4ad04949c6ffe2da2128a
_kJFhfHFurOSMfRHihdUBRei/FTRTEW/FERYT;ERT_r__kJFhfHFurOSMfRHihdUBRei_	415825108b84422810f292e3fa750555
_kJFhfHFurOSMfRHihdUBRei/FTRTEW/FERYT;ERT_R__kJFhfHFurOSMfRHihdUBRei_	b7aa4522f467c54b0bcd5bac0502d62f
_kJFhfHFurOSMfRHihdUBRei/FTRTEW/FERYT;ERT_s__kJFhfHFurOSMfRHihdUBRei_	73ad3d04ef967ec86c39ccee66b999f9
_kJFhfHFurOSMfRHihdUBRei/FTRTEW/FERYT;ERT_S__kJFhfHFurOSMfRHihdUBRei_	0aa04a84cfc0bfb4a676b6f318016117
_kJFhfHFurOSMfRHihdUBRei/FTRTEW/FERYT;ERT_t__kJFhfHFurOSMfRHihdUBRei_	9506ddf8075e9bbcea6c1dd28642dc29
_kJFhfHFurOSMfRHihdUBRei/FTRTEW/FERYT;ERT_T__kJFhfHFurOSMfRHihdUBRei_	40cb2a3e58bb3c47fa19a89ec464386c
_kJFhfHFurOSMfRHihdUBRei/FTRTEW/FERYT;ERT_u__kJFhfHFurOSMfRHihdUBRei_	b05bc5e265d16fa3cfa3189c70e3de96
_kJFhfHFurOSMfRHihdUBRei/FTRTEW/FERYT;ERT_U__kJFhfHFurOSMfRHihdUBRei_	9f2041c369bcc931d26539acf7815563
_kJFhfHFurOSMfRHihdUBRei/FTRTEW/FERYT;ERT_v__kJFhfHFurOSMfRHihdUBRei_	8ee9d0a4b5fd0f713426e5a447aa232d
_kJFhfHFurOSMfRHihdUBRei/FTRTEW/FERYT;ERT_V__kJFhfHFurOSMfRHihdUBRei_	f361dcb2cd718b14e6f369bed57a13f6
_kJFhfHFurOSMfRHihdUBRei/FTRTEW/FERYT;ERT_w__kJFhfHFurOSMfRHihdUBRei_	e2832fb483f48f953b60ff29a9d90472
_kJFhfHFurOSMfRHihdUBRei/FTRTEW/FERYT;ERT_W__kJFhfHFurOSMfRHihdUBRei_	03d9d31b36abb4b363824f436e713718
_kJFhfHFurOSMfRHihdUBRei/FTRTEW/FERYT;ERT_x__kJFhfHFurOSMfRHihdUBRei_	37b2004c5dc6a1e3bb1e857483dcf92c
_kJFhfHFurOSMfRHihdUBRei/FTRTEW/FERYT;ERT_X__kJFhfHFurOSMfRHihdUBRei_	c7c213a78406e6d44a355ccf51ce31a1
_kJFhfHFurOSMfRHihdUBRei/FTRTEW/FERYT;ERT_y__kJFhfHFurOSMfRHihdUBRei_	038b0eb7ff1c90dfeba96658c177c4aa
_kJFhfHFurOSMfRHihdUBRei/FTRTEW/FERYT;ERT_Y__kJFhfHFurOSMfRHihdUBRei_	530242c11467702df260cfbdf3721b6a
_kJFhfHFurOSMfRHihdUBRei/FTRTEW/FERYT;ERT_z__kJFhfHFurOSMfRHihdUBRei_	1991b8d4b3b06b6de9eeb3ccd9c00251
_kJFhfHFurOSMfRHihdUBRei/FTRTEW/FERYT;ERT_Z__kJFhfHFurOSMfRHihdUBRei_	1f7cab4dd8a814fee528fd7cabc153ac
_kJFhfHFurOSMfRHihdUBRei/FTRTEW/FERYT;ERT_0__kJFhfHFurOSMfRHihdUBRei_	174a82d8c83a85db03ae6f53209dace9
_kJFhfHFurOSMfRHihdUBRei/FTRTEW/FERYT;ERT_1__kJFhfHFurOSMfRHihdUBRei_	f3eb582248624d76097493c934bd4a1f
_kJFhfHFurOSMfRHihdUBRei/FTRTEW/FERYT;ERT_2__kJFhfHFurOSMfRHihdUBRei_	fd96db09b4c88195e03c49cdba30b9aa
_kJFhfHFurOSMfRHihdUBRei/FTRTEW/FERYT;ERT_3__kJFhfHFurOSMfRHihdUBRei_	dd8e33364acb524fc2275a0acd29f438
_kJFhfHFurOSMfRHihdUBRei/FTRTEW/FERYT;ERT_4__kJFhfHFurOSMfRHihdUBRei_	f51f11c13c05b41ed2287643564b6463
_kJFhfHFurOSMfRHihdUBRei/FTRTEW/FERYT;ERT_5__kJFhfHFurOSMfRHihdUBRei_	1b5464b23ec697eb948567eb96f449a7
_kJFhfHFurOSMfRHihdUBRei/FTRTEW/FERYT;ERT_6__kJFhfHFurOSMfRHihdUBRei_	612cdb1d8e70b77023e3d74874540153
_kJFhfHFurOSMfRHihdUBRei/FTRTEW/FERYT;ERT_7__kJFhfHFurOSMfRHihdUBRei_	45dae834f09a34d962563b52a483eef8
_kJFhfHFurOSMfRHihdUBRei/FTRTEW/FERYT;ERT_8__kJFhfHFurOSMfRHihdUBRei_	33eb9d97764c3a3728638385f250855c
_kJFhfHFurOSMfRHihdUBRei/FTRTEW/FERYT;ERT_9__kJFhfHFurOSMfRHihdUBRei_	244165c0d42f7a99f622fc9619b169ed
_kJFhfHFurOSMfRHihdUBRei/FTRTEW/FERYT;ERT_aA__kJFhfHFurOSMfRHihdUBRei_	c4d0cff69204cb04d161d2993d28d852
_kJFhfHFurOSMfRHihdUBRei/FTRTEW/FERYT;ERT_AA__kJFhfHFurOSMfRHihdUBRei_	0309416491e347955ed22cdf54caa83d
_kJFhfHFurOSMfRHihdUBRei/FTRTEW/FERYT;ERT_bA__kJFhfHFurOSMfRHihdUBRei_	3b9ec0e3e74e5a94b6a53f4f105fa48a
_kJFhfHFurOSMfRHihdUBRei/FTRTEW/FERYT;ERT_BA__kJFhfHFurOSMfRHihdUBRei_	33e9c89adad0e0545170a5ab1491d114
_kJFhfHFurOSMfRHihdUBRei/FTRTEW/FERYT;ERT_cA__kJFhfHFurOSMfRHihdUBRei_	2f6dc0958babbd958765d25915151176
_kJFhfHFurOSMfRHihdUBRei/FTRTEW/FERYT;ERT_CA__kJFhfHFurOSMfRHihdUBRei_	5a34a008018a87857f4223c21d6bceea
_kJFhfHFurOSMfRHihdUBRei/FTRTEW/FERYT;ERT_dA__kJFhfHFurOSMfRHihdUBRei_	c68889d8b024e640fe9e23c0d139ee91
_kJFhfHFurOSMfRHihdUBRei/FTRTEW/FERYT;ERT_DA__kJFhfHFurOSMfRHihdUBRei_	958956a07b73891669e5ec574c55f4d3
_kJFhfHFurOSMfRHihdUBRei/FTRTEW/FERYT;ERT_eA__kJFhfHFurOSMfRHihdUBRei_	0d3e9fde39de6544a922d5f5a44582a7
_kJFhfHFurOSMfRHihdUBRei/FTRTEW/FERYT;ERT_EA__kJFhfHFurOSMfRHihdUBRei_	0d679afb4162736e00208ea79f657919
_kJFhfHFurOSMfRHihdUBRei/FTRTEW/FERYT;ERT_fA__kJFhfHFurOSMfRHihdUBRei_	c81d1ec88f8d502d1b82518a3fb5b777
_kJFhfHFurOSMfRHihdUBRei/FTRTEW/FERYT;ERT_FA__kJFhfHFurOSMfRHihdUBRei_	fe3502838ce9627b76478749b94b83e0
_kJFhfHFurOSMfRHihdUBRei/FTRTEW/FERYT;ERT_gA__kJFhfHFurOSMfRHihdUBRei_	83b5578980d5ffa7f723a2bd4d4d9539
_kJFhfHFurOSMfRHihdUBRei/FTRTEW/FERYT;ERT_GA__kJFhfHFurOSMfRHihdUBRei_	dd9fa3441572df9e5c0858693b841a2d
_kJFhfHFurOSMfRHihdUBRei/FTRTEW/FERYT;ERT_hA__kJFhfHFurOSMfRHihdUBRei_	1db3f46389046bfe73257fa864176c6f
_kJFhfHFurOSMfRHihdUBRei/FTRTEW/FERYT;ERT_HA__kJFhfHFurOSMfRHihdUBRei_	0bba689d30ee20d639c3359250f66b47
_kJFhfHFurOSMfRHihdUBRei/FTRTEW/FERYT;ERT_iA__kJFhfHFurOSMfRHihdUBRei_	8dd88118117f9ef6d39602cfcca52a2c
_kJFhfHFurOSMfRHihdUBRei/FTRTEW/FERYT;ERT_IA__kJFhfHFurOSMfRHihdUBRei_	b24eab138a4e7377242d183e8c7c3bba
_kJFhfHFurOSMfRHihdUBRei/FTRTEW/FERYT;ERT_jA__kJFhfHFurOSMfRHihdUBRei_	44fd40be877ba1a2e389486af4cf96f1
_kJFhfHFurOSMfRHihdUBRei/FTRTEW/FERYT;ERT_JA__kJFhfHFurOSMfRHihdUBRei_	e6402a41f31b66da83e40379ab8224c9
_kJFhfHFurOSMfRHihdUBRei/FTRTEW/FERYT;ERT_kA__kJFhfHFurOSMfRHihdUBRei_	f0058e822e1702a9d2453d84cd75a603
_kJFhfHFurOSMfRHihdUBRei/FTRTEW/FERYT;ERT_KA__kJFhfHFurOSMfRHihdUBRei_	429dca0e91a7be978910597957c51e19
_kJFhfHFurOSMfRHihdUBRei/FTRTEW/FERYT;ERT_lA__kJFhfHFurOSMfRHihdUBRei_	eb41d4b830642c28484fe47af8ceb644
_kJFhfHFurOSMfRHihdUBRei/FTRTEW/FERYT;ERT_LA__kJFhfHFurOSMfRHihdUBRei_	5a39394374dfd00911fcdbc602da7fc0
_kJFhfHFurOSMfRHihdUBRei/FTRTEW/FERYT;ERT_mA__kJFhfHFurOSMfRHihdUBRei_	f73842b2ec09353de482457406a21079
_kJFhfHFurOSMfRHihdUBRei/FTRTEW/FERYT;ERT_MA__kJFhfHFurOSMfRHihdUBRei_	802892b1a40da4c99e69033effd162be
_kJFhfHFurOSMfRHihdUBRei/FTRTEW/FERYT;ERT_nA__kJFhfHFurOSMfRHihdUBRei_	12b6f5759c0adee2390fb890b62d8855
_kJFhfHFurOSMfRHihdUBRei/FTRTEW/FERYT;ERT_NA__kJFhfHFurOSMfRHihdUBRei_	274a6ad22738f3f34367b48ef3bd2393
_kJFhfHFurOSMfRHihdUBRei/FTRTEW/FERYT;ERT_oA__kJFhfHFurOSMfRHihdUBRei_	25168d8f2c7b048f951cbe40037b9c35
_kJFhfHFurOSMfRHihdUBRei/FTRTEW/FERYT;ERT_OA__kJFhfHFurOSMfRHihdUBRei_	6e034ad535804d76224fa22e8102467b
_kJFhfHFurOSMfRHihdUBRei/FTRTEW/FERYT;ERT_pA__kJFhfHFurOSMfRHihdUBRei_	147182cd5aca8d0f99e54919315b6215
_kJFhfHFurOSMfRHihdUBRei/FTRTEW/FERYT;ERT_PA__kJFhfHFurOSMfRHihdUBRei_	d2cb8d3fda53599b4815c90c76cb9117
_kJFhfHFurOSMfRHihdUBRei/FTRTEW/FERYT;ERT_qA__kJFhfHFurOSMfRHihdUBRei_	9840b84e70fbfa2caf692c4024a2d9e9
_kJFhfHFurOSMfRHihdUBRei/FTRTEW/FERYT;ERT_QA__kJFhfHFurOSMfRHihdUBRei_	fa9a8c6ddf97b46cfd78aeca58ccbdb1
_kJFhfHFurOSMfRHihdUBRei/FTRTEW/FERYT;ERT_rA__kJFhfHFurOSMfRHihdUBRei_	c625ab5eaf75ebfeed356d3f8d78c7d7
_kJFhfHFurOSMfRHihdUBRei/FTRTEW/FERYT;ERT_RA__kJFhfHFurOSMfRHihdUBRei_	7bbe135c4057d11f9b3caddb7848926e
_kJFhfHFurOSMfRHihdUBRei/FTRTEW/FERYT;ERT_sA__kJFhfHFurOSMfRHihdUBRei_	48e34d2e981f511f421722b0ada609b9
_kJFhfHFurOSMfRHihdUBRei/FTRTEW/FERYT;ERT_SA__kJFhfHFurOSMfRHihdUBRei_	9102274d7f743f852c82d6fad9873366
_kJFhfHFurOSMfRHihdUBRei/FTRTEW/FERYT;ERT_tA__kJFhfHFurOSMfRHihdUBRei_	6c7d03cecf3b6aa630ed2f1824ddacc9
_kJFhfHFurOSMfRHihdUBRei/FTRTEW/FERYT;ERT_TA__kJFhfHFurOSMfRHihdUBRei_	b4c774b8edf5cfd756b3f5e876dcc6bc
_kJFhfHFurOSMfRHihdUBRei/FTRTEW/FERYT;ERT_uA__kJFhfHFurOSMfRHihdUBRei_	cc596bc09087cb4e7912a87c1a2e6962
_kJFhfHFurOSMfRHihdUBRei/FTRTEW/FERYT;ERT_UA__kJFhfHFurOSMfRHihdUBRei_	7c86622a92fe29148dc8de5d4ddd32db
_kJFhfHFurOSMfRHihdUBRei/FTRTEW/FERYT;ERT_vA__kJFhfHFurOSMfRHihdUBRei_	cac1b5bd9a81f3d62da9338a1458abed
_kJFhfHFurOSMfRHihdUBRei/FTRTEW/FERYT;ERT_VA__kJFhfHFurOSMfRHihdUBRei_	fb31db8dee6ad9acd00f4102bef82849
_kJFhfHFurOSMfRHihdUBRei/FTRTEW/FERYT;ERT_wA__kJFhfHFurOSMfRHihdUBRei_	a6296204387059c04f976fe7bb8a27ec
_kJFhfHFurOSMfRHihdUBRei/FTRTEW/FERYT;ERT_WA__kJFhfHFurOSMfRHihdUBRei_	8e908fec22a35da65e7655ba37bc443a
_kJFhfHFurOSMfRHihdUBRei/FTRTEW/FERYT;ERT_xA__kJFhfHFurOSMfRHihdUBRei_	85953a7f45c1383a63521faae31192de
_kJFhfHFurOSMfRHihdUBRei/FTRTEW/FERYT;ERT_XA__kJFhfHFurOSMfRHihdUBRei_	c66574e5171078c3e7d806f5682d619e
_kJFhfHFurOSMfRHihdUBRei/FTRTEW/FERYT;ERT_yA__kJFhfHFurOSMfRHihdUBRei_	99c1ea1b54f097de774681413589dd04
_kJFhfHFurOSMfRHihdUBRei/FTRTEW/FERYT;ERT_YA__kJFhfHFurOSMfRHihdUBRei_	0b801fd0e8c62cb19095511cce36dfce
_kJFhfHFurOSMfRHihdUBRei/FTRTEW/FERYT;ERT_zA__kJFhfHFurOSMfRHihdUBRei_	a204af1e8d117fcea6ca84208c9575e6
_kJFhfHFurOSMfRHihdUBRei/FTRTEW/FERYT;ERT_ZA__kJFhfHFurOSMfRHihdUBRei_	20ac9cbde317f75bc0637f7139d4a0d0
_kJFhfHFurOSMfRHihdUBRei/FTRTEW/FERYT;ERT_0A__kJFhfHFurOSMfRHihdUBRei_	494732c3999883f3c4e0023ba8f3f3cc
_kJFhfHFurOSMfRHihdUBRei/FTRTEW/FERYT;ERT_1A__kJFhfHFurOSMfRHihdUBRei_	a509bb6c538e2c613bab2ed8ecf530db
_kJFhfHFurOSMfRHihdUBRei/FTRTEW/FERYT;ERT_2A__kJFhfHFurOSMfRHihdUBRei_	a08e2c764cd4bab59acac4b290646d1d
_kJFhfHFurOSMfRHihdUBRei/FTRTEW/FERYT;ERT_3A__kJFhfHFurOSMfRHihdUBRei_	29478e70255c5f5bc2abb49f762c2ea5
_kJFhfHFurOSMfRHihdUBRei/FTRTEW/FERYT;ERT_4A__kJFhfHFurOSMfRHihdUBRei_	b0b803c3a889d12c387a70bf592d97d6
_kJFhfHFurOSMfRHihdUBRei/FTRTEW/FERYT;ERT_5A__kJFhfHFurOSMfRHihdUBRei_	b1401f0085269d6c6843c9a9c6fa4981
_kJFhfHFurOSMfRHihdUBRei/FTRTEW/FERYT;ERT_6A__kJFhfHFurOSMfRHihdUBRei_	93a96c75c74075d18c4b38b713295dd6
_kJFhfHFurOSMfRHihdUBRei/FTRTEW/FERYT;ERT_7A__kJFhfHFurOSMfRHihdUBRei_	57a8749bd649a21a197bd359fd83a92c
_kJFhfHFurOSMfRHihdUBRei/FTRTEW/FERYT;ERT_8A__kJFhfHFurOSMfRHihdUBRei_	8b675a7db37ab2bf7f67922b1be43ab3
_kJFhfHFurOSMfRHihdUBRei/FTRTEW/FERYT;ERT_9A__kJFhfHFurOSMfRHihdUBRei_	940e48234aa8d2657828d36f586b6fb7
_kJFhfHFurOSMfRHihdUBRei/FTRTEW/FERYT;ERT_ab__kJFhfHFurOSMfRHihdUBRei_	c251785202665b0c6fd6d6fb99cea63a
_kJFhfHFurOSMfRHihdUBRei/FTRTEW/FERYT;ERT_Ab__kJFhfHFurOSMfRHihdUBRei_	a80157e4ee38c56222556d9324429fdb
_kJFhfHFurOSMfRHihdUBRei/FTRTEW/FERYT;ERT_bb__kJFhfHFurOSMfRHihdUBRei_	5d8f416074db54ad40949efa84f0536a
_kJFhfHFurOSMfRHihdUBRei/FTRTEW/FERYT;ERT_Bb__kJFhfHFurOSMfRHihdUBRei_	717be8bd35b017accf01bf64d4f2793e
_kJFhfHFurOSMfRHihdUBRei/FTRTEW/FERYT;ERT_cb__kJFhfHFurOSMfRHihdUBRei_	1a6d10934376a4907771c87bff075b63
_kJFhfHFurOSMfRHihdUBRei/FTRTEW/FERYT;ERT_Cb__kJFhfHFurOSMfRHihdUBRei_	5db2a4e0c5920fff125516013571720d
_kJFhfHFurOSMfRHihdUBRei/FTRTEW/FERYT;ERT_db__kJFhfHFurOSMfRHihdUBRei_	e4e1ed58d9898d15251d48043cc77daf
_kJFhfHFurOSMfRHihdUBRei/FTRTEW/FERYT;ERT_Db__kJFhfHFurOSMfRHihdUBRei_	01b31b051f58a8da162ec7762c32255e
_kJFhfHFurOSMfRHihdUBRei/FTRTEW/FERYT;ERT_eb__kJFhfHFurOSMfRHihdUBRei_	71107d7fd9c6983b75aa51e74777f827
_kJFhfHFurOSMfRHihdUBRei/FTRTEW/FERYT;ERT_Eb__kJFhfHFurOSMfRHihdUBRei_	4359bfc44e0d0b749f9c0c1b04fa6ce6
_kJFhfHFurOSMfRHihdUBRei/FTRTEW/FERYT;ERT_fb__kJFhfHFurOSMfRHihdUBRei_	a20fd89803f0acb1815cbf3f54849050
_kJFhfHFurOSMfRHihdUBRei/FTRTEW/FERYT;ERT_Fb__kJFhfHFurOSMfRHihdUBRei_	180f9ea6d253e504645b3f64f2b9d01e
_kJFhfHFurOSMfRHihdUBRei/FTRTEW/FERYT;ERT_gb__kJFhfHFurOSMfRHihdUBRei_	2457eb83cc58b6eab729982884c410b1
_kJFhfHFurOSMfRHihdUBRei/FTRTEW/FERYT;ERT_Gb__kJFhfHFurOSMfRHihdUBRei_	bd78f4279d6f251af555c8bae48cc697
_kJFhfHFurOSMfRHihdUBRei/FTRTEW/FERYT;ERT_hb__kJFhfHFurOSMfRHihdUBRei_	02944e071d86a484eec00896f83e7889
_kJFhfHFurOSMfRHihdUBRei/FTRTEW/FERYT;ERT_Hb__kJFhfHFurOSMfRHihdUBRei_	1bebc5eb8a2a4aee5549d5799abb9c25
_kJFhfHFurOSMfRHihdUBRei/FTRTEW/FERYT;ERT_ib__kJFhfHFurOSMfRHihdUBRei_	a72196be184a166675a3cfd0a8d0c331
_kJFhfHFurOSMfRHihdUBRei/FTRTEW/FERYT;ERT_Ib__kJFhfHFurOSMfRHihdUBRei_	211e8d01644afefeaabab3e109792833
_kJFhfHFurOSMfRHihdUBRei/FTRTEW/FERYT;ERT_jb__kJFhfHFurOSMfRHihdUBRei_	325e5bae9c1a7fd73bdc7f0866480dd2
_kJFhfHFurOSMfRHihdUBRei/FTRTEW/FERYT;ERT_Jb__kJFhfHFurOSMfRHihdUBRei_	6ded62aabaf01ece2573332d3a08009d
_kJFhfHFurOSMfRHihdUBRei/FTRTEW/FERYT;ERT_kb__kJFhfHFurOSMfRHihdUBRei_	bc9696fd384b08687f0a226c75a7bcbc
_kJFhfHFurOSMfRHihdUBRei/FTRTEW/FERYT;ERT_Kb__kJFhfHFurOSMfRHihdUBRei_	771c902a8d62ecf8d65dd9cdad91be61
_kJFhfHFurOSMfRHihdUBRei/FTRTEW/FERYT;ERT_lb__kJFhfHFurOSMfRHihdUBRei_	472e61ce9d93442ac5a3b86834d6c402
_kJFhfHFurOSMfRHihdUBRei/FTRTEW/FERYT;ERT_Lb__kJFhfHFurOSMfRHihdUBRei_	544e7db043f98aadf54d3dbb9a8efdcf
_kJFhfHFurOSMfRHihdUBRei/FTRTEW/FERYT;ERT_mb__kJFhfHFurOSMfRHihdUBRei_	4c991c4074e1018f62db28c363d57ef5
_kJFhfHFurOSMfRHihdUBRei/FTRTEW/FERYT;ERT_Mb__kJFhfHFurOSMfRHihdUBRei_	31e9259686924acdba6e78c7767d5716
_kJFhfHFurOSMfRHihdUBRei/FTRTEW/FERYT;ERT_nb__kJFhfHFurOSMfRHihdUBRei_	9da90202d3cfbe4eed7a5e0226d33238
_kJFhfHFurOSMfRHihdUBRei/FTRTEW/FERYT;ERT_Nb__kJFhfHFurOSMfRHihdUBRei_	ddbbb088fc142ee2db515bfaec6766f6
_kJFhfHFurOSMfRHihdUBRei/FTRTEW/FERYT;ERT_ob__kJFhfHFurOSMfRHihdUBRei_	8b9011a8ea9dfbcf4ed469ba6e650c02
_kJFhfHFurOSMfRHihdUBRei/FTRTEW/FERYT;ERT_Ob__kJFhfHFurOSMfRHihdUBRei_	7da1743d22abd77df02a4d7d9573714a
_kJFhfHFurOSMfRHihdUBRei/FTRTEW/FERYT;ERT_pb__kJFhfHFurOSMfRHihdUBRei_	716caf2ecf8a10c7d5463cc5516288d6
_kJFhfHFurOSMfRHihdUBRei/FTRTEW/FERYT;ERT_Pb__kJFhfHFurOSMfRHihdUBRei_	88508625f5a3784e8b068f9145a6f297
_kJFhfHFurOSMfRHihdUBRei/FTRTEW/FERYT;ERT_qb__kJFhfHFurOSMfRHihdUBRei_	b12afc5b2ff826fe9dadcfb111dc6686
_kJFhfHFurOSMfRHihdUBRei/FTRTEW/FERYT;ERT_Qb__kJFhfHFurOSMfRHihdUBRei_	31d903daac01d4e0226d5763d9682c6b
_kJFhfHFurOSMfRHihdUBRei/FTRTEW/FERYT;ERT_rb__kJFhfHFurOSMfRHihdUBRei_	1a485cc52a1e032b3a5b25e373fd5a41
_kJFhfHFurOSMfRHihdUBRei/FTRTEW/FERYT;ERT_Rb__kJFhfHFurOSMfRHihdUBRei_	79cff32dff6e8af5d9541112ca6190c2
_kJFhfHFurOSMfRHihdUBRei/FTRTEW/FERYT;ERT_sb__kJFhfHFurOSMfRHihdUBRei_	2b103f164288fc039fa2eaeba85fdd92
_kJFhfHFurOSMfRHihdUBRei/FTRTEW/FERYT;ERT_Sb__kJFhfHFurOSMfRHihdUBRei_	89c5a0c397bd1caba037fd85a7d4bb52
_kJFhfHFurOSMfRHihdUBRei/FTRTEW/FERYT;ERT_tb__kJFhfHFurOSMfRHihdUBRei_	5074d3eefb47e95537e27474395d678d
_kJFhfHFurOSMfRHihdUBRei/FTRTEW/FERYT;ERT_Tb__kJFhfHFurOSMfRHihdUBRei_	7ca394f6d65b321389d3a6d2fdb47ac6
_kJFhfHFurOSMfRHihdUBRei/FTRTEW/FERYT;ERT_ub__kJFhfHFurOSMfRHihdUBRei_	d1058fe571554ef48e0d96c2ecd3b4a9
_kJFhfHFurOSMfRHihdUBRei/FTRTEW/FERYT;ERT_Ub__kJFhfHFurOSMfRHihdUBRei_	fbe33e8f167f4cfc3ca23774d410ee4b
_kJFhfHFurOSMfRHihdUBRei/FTRTEW/FERYT;ERT_vb__kJFhfHFurOSMfRHihdUBRei_	f52bb2b10ebb83de48f4894a7f08bb97
_kJFhfHFurOSMfRHihdUBRei/FTRTEW/FERYT;ERT_Vb__kJFhfHFurOSMfRHihdUBRei_	1c89b4f2c521a6aace76899bbc86455d
_kJFhfHFurOSMfRHihdUBRei/FTRTEW/FERYT;ERT_wb__kJFhfHFurOSMfRHihdUBRei_	c3ceb5185f34604afc4b10153e1729e5
_kJFhfHFurOSMfRHihdUBRei/FTRTEW/FERYT;ERT_Wb__kJFhfHFurOSMfRHihdUBRei_	cbadec4e46fb880ca749d46b2c9ad58b
_kJFhfHFurOSMfRHihdUBRei/FTRTEW/FERYT;ERT_xb__kJFhfHFurOSMfRHihdUBRei_	2f32e65071d79174965253f707524d94
_kJFhfHFurOSMfRHihdUBRei/FTRTEW/FERYT;ERT_Xb__kJFhfHFurOSMfRHihdUBRei_	f78216a1c30a0a40630ebc2ef7421025
_kJFhfHFurOSMfRHihdUBRei/FTRTEW/FERYT;ERT_yb__kJFhfHFurOSMfRHihdUBRei_	2595876e2c5c043fcb82b1a4bd7c0aea
_kJFhfHFurOSMfRHihdUBRei/FTRTEW/FERYT;ERT_Yb__kJFhfHFurOSMfRHihdUBRei_	b0fd1d217aeb88bfc5ddb3ec8fd6e97d
_kJFhfHFurOSMfRHihdUBRei/FTRTEW/FERYT;ERT_zb__kJFhfHFurOSMfRHihdUBRei_	51697ddb090e5f9a4695f9474fb5a79f
_kJFhfHFurOSMfRHihdUBRei/FTRTEW/FERYT;ERT_Zb__kJFhfHFurOSMfRHihdUBRei_	8c49b1f7ffd31d4a9899571a26e851d0
_kJFhfHFurOSMfRHihdUBRei/FTRTEW/FERYT;ERT_0b__kJFhfHFurOSMfRHihdUBRei_	21e36fab96829b612ae259850d9221e5
_kJFhfHFurOSMfRHihdUBRei/FTRTEW/FERYT;ERT_1b__kJFhfHFurOSMfRHihdUBRei_	88e52eeee82a94c6b0b60ac4b17a5aa3
_kJFhfHFurOSMfRHihdUBRei/FTRTEW/FERYT;ERT_2b__kJFhfHFurOSMfRHihdUBRei_	45ee5254ec23e1eabbd63ff4b0e32c00
_kJFhfHFurOSMfRHihdUBRei/FTRTEW/FERYT;ERT_3b__kJFhfHFurOSMfRHihdUBRei_	edfc3ff06075a6a31ca594d8f6b36c03
_kJFhfHFurOSMfRHihdUBRei/FTRTEW/FERYT;ERT_4b__kJFhfHFurOSMfRHihdUBRei_	748423807b3b61ee3228a94079fd1f75
_kJFhfHFurOSMfRHihdUBRei/FTRTEW/FERYT;ERT_5b__kJFhfHFurOSMfRHihdUBRei_	94d4ad4e75799a06ed2a673f0d7bd0f1
_kJFhfHFurOSMfRHihdUBRei/FTRTEW/FERYT;ERT_6b__kJFhfHFurOSMfRHihdUBRei_	d008cba3b3f3d322abdc37f81d5599d4
_kJFhfHFurOSMfRHihdUBRei/FTRTEW/FERYT;ERT_7b__kJFhfHFurOSMfRHihdUBRei_	0dbf70f418fba27d8afce3007bc9fae7
_kJFhfHFurOSMfRHihdUBRei/FTRTEW/FERYT;ERT_8b__kJFhfHFurOSMfRHihdUBRei_	85e339471eeb4fa5296e4e070b69a414
_kJFhfHFurOSMfRHihdUBRei/FTRTEW/FERYT;ERT_9b__kJFhfHFurOSMfRHihdUBRei_	b44485bb70c0be6e89ad2d98248e0a96
_kJFhfHFurOSMfRHihdUBRei/FTRTEW/FERYT;ERT_aB__kJFhfHFurOSMfRHihdUBRei_	2136a1c252cc5503e3cad2971aec701a
_kJFhfHFurOSMfRHihdUBRei/FTRTEW/FERYT;ERT_AB__kJFhfHFurOSMfRHihdUBRei_	1105bd1d83b4e7377b2675e0ebd3e973
_kJFhfHFurOSMfRHihdUBRei/FTRTEW/FERYT;ERT_bB__kJFhfHFurOSMfRHihdUBRei_	d29020d7010a208f14a6a405827d0f6a
_kJFhfHFurOSMfRHihdUBRei/FTRTEW/FERYT;ERT_BB__kJFhfHFurOSMfRHihdUBRei_	fe98323767d6540fe79ef639747e9e32
_kJFhfHFurOSMfRHihdUBRei/FTRTEW/FERYT;ERT_cB__kJFhfHFurOSMfRHihdUBRei_	455611efecdc7c78fc51f6f71c3326ca
_kJFhfHFurOSMfRHihdUBRei/FTRTEW/FERYT;ERT_CB__kJFhfHFurOSMfRHihdUBRei_	78e7fda3c6c7c7f9b1c6cdfdd494a577
_kJFhfHFurOSMfRHihdUBRei/FTRTEW/FERYT;ERT_dB__kJFhfHFurOSMfRHihdUBRei_	c97ffe3c7d2c101d7b343c06389060dc
_kJFhfHFurOSMfRHihdUBRei/FTRTEW/FERYT;ERT_DB__kJFhfHFurOSMfRHihdUBRei_	499d96513225b2162f23c514628fef13
_kJFhfHFurOSMfRHihdUBRei/FTRTEW/FERYT;ERT_eB__kJFhfHFurOSMfRHihdUBRei_	e91a3b4e6223482bd8d7d8930902e527
_kJFhfHFurOSMfRHihdUBRei/FTRTEW/FERYT;ERT_EB__kJFhfHFurOSMfRHihdUBRei_	d973f889e1f76c69a387c27bad87d280
_kJFhfHFurOSMfRHihdUBRei/FTRTEW/FERYT;ERT_fB__kJFhfHFurOSMfRHihdUBRei_	afe1d09abc1bc3a78c441e0cc1cef0e6
_kJFhfHFurOSMfRHihdUBRei/FTRTEW/FERYT;ERT_FB__kJFhfHFurOSMfRHihdUBRei_	f054b75bd9dbd02281d4176de9390e31
_kJFhfHFurOSMfRHihdUBRei/FTRTEW/FERYT;ERT_gB__kJFhfHFurOSMfRHihdUBRei_	817c5caabe05cfe0cb56a465fb332021
_kJFhfHFurOSMfRHihdUBRei/FTRTEW/FERYT;ERT_GB__kJFhfHFurOSMfRHihdUBRei_	6fcfea939c76fe5875aba0908de62655
_kJFhfHFurOSMfRHihdUBRei/FTRTEW/FERYT;ERT_hB__kJFhfHFurOSMfRHihdUBRei_	40537cb7c67cdb261285d59f74fc1352
_kJFhfHFurOSMfRHihdUBRei/FTRTEW/FERYT;ERT_HB__kJFhfHFurOSMfRHihdUBRei_	2afb110b75739e53b811f6ee84e1e0df
_kJFhfHFurOSMfRHihdUBRei/FTRTEW/FERYT;ERT_iB__kJFhfHFurOSMfRHihdUBRei_	537ffff9d3d06e7ee2d9119300a2df94
_kJFhfHFurOSMfRHihdUBRei/FTRTEW/FERYT;ERT_IB__kJFhfHFurOSMfRHihdUBRei_	cc580c06dd397a93863e0c74bfa1c102
_kJFhfHFurOSMfRHihdUBRei/FTRTEW/FERYT;ERT_jB__kJFhfHFurOSMfRHihdUBRei_	81bd1a1a55428def5550373f693ceaba
_kJFhfHFurOSMfRHihdUBRei/FTRTEW/FERYT;ERT_JB__kJFhfHFurOSMfRHihdUBRei_	54b2b415c05edb739c0516354d766195
_kJFhfHFurOSMfRHihdUBRei/FTRTEW/FERYT;ERT_kB__kJFhfHFurOSMfRHihdUBRei_	bda0fa17c497a69cbe58d3a2b74bd33b
_kJFhfHFurOSMfRHihdUBRei/FTRTEW/FERYT;ERT_KB__kJFhfHFurOSMfRHihdUBRei_	92394a2b8ee5ca435d53c3e278dcdde7
_kJFhfHFurOSMfRHihdUBRei/FTRTEW/FERYT;ERT_lB__kJFhfHFurOSMfRHihdUBRei_	ef7aa0b6bf18cc983530fef4a812a18b
_kJFhfHFurOSMfRHihdUBRei/FTRTEW/FERYT;ERT_LB__kJFhfHFurOSMfRHihdUBRei_	5ceac5e6ec7e9eda9e8c68515b42249a
_kJFhfHFurOSMfRHihdUBRei/FTRTEW/FERYT;ERT_mB__kJFhfHFurOSMfRHihdUBRei_	cd71c229f559bf517e7fcacde32f9c80
_kJFhfHFurOSMfRHihdUBRei/FTRTEW/FERYT;ERT_MB__kJFhfHFurOSMfRHihdUBRei_	b1b35e2b58ba26f80d6bc17fbb9d894c
_kJFhfHFurOSMfRHihdUBRei/FTRTEW/FERYT;ERT_nB__kJFhfHFurOSMfRHihdUBRei_	a907069e0ff45ed03a016055d74dc3b6
_kJFhfHFurOSMfRHihdUBRei/FTRTEW/FERYT;ERT_NB__kJFhfHFurOSMfRHihdUBRei_	d472449d63ee783936d5e42910b7bfb0
_kJFhfHFurOSMfRHihdUBRei/FTRTEW/FERYT;ERT_oB__kJFhfHFurOSMfRHihdUBRei_	cad438883312b2c92862d18ce6cda10b
_kJFhfHFurOSMfRHihdUBRei/FTRTEW/FERYT;ERT_OB__kJFhfHFurOSMfRHihdUBRei_	7fbf4bc5fac853e1440201a4d9459548
_kJFhfHFurOSMfRHihdUBRei/FTRTEW/FERYT;ERT_pB__kJFhfHFurOSMfRHihdUBRei_	5e11a20469e933e3611a477888e196a0
_kJFhfHFurOSMfRHihdUBRei/FTRTEW/FERYT;ERT_PB__kJFhfHFurOSMfRHihdUBRei_	70c60121b11d4b93b794d50437767fda
_kJFhfHFurOSMfRHihdUBRei/FTRTEW/FERYT;ERT_qB__kJFhfHFurOSMfRHihdUBRei_	8f7af29694ffea96eb1c0e843b20e9dd
_kJFhfHFurOSMfRHihdUBRei/FTRTEW/FERYT;ERT_QB__kJFhfHFurOSMfRHihdUBRei_	30cb1419a769dfa4106af2722b3394e2
_kJFhfHFurOSMfRHihdUBRei/FTRTEW/FERYT;ERT_rB__kJFhfHFurOSMfRHihdUBRei_	d4ee3c0ff72fd0a43ec55b96c0080c34
_kJFhfHFurOSMfRHihdUBRei/FTRTEW/FERYT;ERT_RB__kJFhfHFurOSMfRHihdUBRei_	fc9b5866501a47a4115a5af48ef52b7c
_kJFhfHFurOSMfRHihdUBRei/FTRTEW/FERYT;ERT_sB__kJFhfHFurOSMfRHihdUBRei_	5867f1ff9b38c7b1bcfeab1bd51f8b5c
_kJFhfHFurOSMfRHihdUBRei/FTRTEW/FERYT;ERT_SB__kJFhfHFurOSMfRHihdUBRei_	0ed14324fad745d6d458a8135fc2f085
_kJFhfHFurOSMfRHihdUBRei/FTRTEW/FERYT;ERT_tB__kJFhfHFurOSMfRHihdUBRei_	3d71acbdfe2964f592e8c2afe4514148
_kJFhfHFurOSMfRHihdUBRei/FTRTEW/FERYT;ERT_TB__kJFhfHFurOSMfRHihdUBRei_	c8da4bc06228437b655419e3f3a6e52c
_kJFhfHFurOSMfRHihdUBRei/FTRTEW/FERYT;ERT_uB__kJFhfHFurOSMfRHihdUBRei_	ed170d36dc7e111d34d96557b9d9a772
_kJFhfHFurOSMfRHihdUBRei/FTRTEW/FERYT;ERT_UB__kJFhfHFurOSMfRHihdUBRei_	d3d0045b15f82b43fe7d8a345a5846a1
_kJFhfHFurOSMfRHihdUBRei/FTRTEW/FERYT;ERT_vB__kJFhfHFurOSMfRHihdUBRei_	8792e2c2720d3301b0d47a8e6a78322a
_kJFhfHFurOSMfRHihdUBRei/FTRTEW/FERYT;ERT_VB__kJFhfHFurOSMfRHihdUBRei_	0d2fa5c6d7da0ca08d5e519f3cc241a0
_kJFhfHFurOSMfRHihdUBRei/FTRTEW/FERYT;ERT_wB__kJFhfHFurOSMfRHihdUBRei_	a79ca72b878c38a9052cde91f866bcf6
_kJFhfHFurOSMfRHihdUBRei/FTRTEW/FERYT;ERT_WB__kJFhfHFurOSMfRHihdUBRei_	eb390dbbe79e495cca9f834d2a1a743c
_kJFhfHFurOSMfRHihdUBRei/FTRTEW/FERYT;ERT_xB__kJFhfHFurOSMfRHihdUBRei_	80453a68e08c4975e8e35960ea212639
_kJFhfHFurOSMfRHihdUBRei/FTRTEW/FERYT;ERT_XB__kJFhfHFurOSMfRHihdUBRei_	6df1ab258dbc2bf2bc40643bb2d3b1ab
_kJFhfHFurOSMfRHihdUBRei/FTRTEW/FERYT;ERT_yB__kJFhfHFurOSMfRHihdUBRei_	10bdb31b7cf42571655b9cf2aa83e048
_kJFhfHFurOSMfRHihdUBRei/FTRTEW/FERYT;ERT_YB__kJFhfHFurOSMfRHihdUBRei_	17666c792860518bff6ca2441b49b753
_kJFhfHFurOSMfRHihdUBRei/FTRTEW/FERYT;ERT_zB__kJFhfHFurOSMfRHihdUBRei_	5482f4a8266a4e5986ee71ba88766b0f
_kJFhfHFurOSMfRHihdUBRei/FTRTEW/FERYT;ERT_ZB__kJFhfHFurOSMfRHihdUBRei_	9694b2b086a49c06def3f7982b926bac
_kJFhfHFurOSMfRHihdUBRei/FTRTEW/FERYT;ERT_0B__kJFhfHFurOSMfRHihdUBRei_	715c9b7126ce666dc16cd75889574094
_kJFhfHFurOSMfRHihdUBRei/FTRTEW/FERYT;ERT_1B__kJFhfHFurOSMfRHihdUBRei_	2949e527dd73301511b02bf0ec7065ea
_kJFhfHFurOSMfRHihdUBRei/FTRTEW/FERYT;ERT_2B__kJFhfHFurOSMfRHihdUBRei_	27a5c88bb8a551877ea46fcbb1570138
_kJFhfHFurOSMfRHihdUBRei/FTRTEW/FERYT;ERT_3B__kJFhfHFurOSMfRHihdUBRei_	6fcc52bed886eea44e79557b57014499
_kJFhfHFurOSMfRHihdUBRei/FTRTEW/FERYT;ERT_4B__kJFhfHFurOSMfRHihdUBRei_	80ded002f8e15cacc41243ffa76ebdeb
_kJFhfHFurOSMfRHihdUBRei/FTRTEW/FERYT;ERT_5B__kJFhfHFurOSMfRHihdUBRei_	1eb7e7af9f8d4abe79f0059456582c9f
_kJFhfHFurOSMfRHihdUBRei/FTRTEW/FERYT;ERT_6B__kJFhfHFurOSMfRHihdUBRei_	5c45c015904f0ac70327934561192fec
_kJFhfHFurOSMfRHihdUBRei/FTRTEW/FERYT;ERT_7B__kJFhfHFurOSMfRHihdUBRei_	d8b0179e78e8ed0df137263af4a5d3d9
_kJFhfHFurOSMfRHihdUBRei/FTRTEW/FERYT;ERT_8B__kJFhfHFurOSMfRHihdUBRei_	18f1c6bef85b3bfca49499a9d3dc1a67
_kJFhfHFurOSMfRHihdUBRei/FTRTEW/FERYT;ERT_9B__kJFhfHFurOSMfRHihdUBRei_	ccf671b944891bcc674ddc0f1918efd4
_kJFhfHFurOSMfRHihdUBRei/FTRTEW/FERYT;ERT_ac__kJFhfHFurOSMfRHihdUBRei_	8b467a2495fbeae05e05f6b7bc314899
_kJFhfHFurOSMfRHihdUBRei/FTRTEW/FERYT;ERT_Ac__kJFhfHFurOSMfRHihdUBRei_	415a0c8e67eba03f558ad861ac3100d9
_kJFhfHFurOSMfRHihdUBRei/FTRTEW/FERYT;ERT_bc__kJFhfHFurOSMfRHihdUBRei_	6033f61efed054cf6f5886c1dd5366b8
_kJFhfHFurOSMfRHihdUBRei/FTRTEW/FERYT;ERT_Bc__kJFhfHFurOSMfRHihdUBRei_	422d024417273324ca8e07843d159482
_kJFhfHFurOSMfRHihdUBRei/FTRTEW/FERYT;ERT_cc__kJFhfHFurOSMfRHihdUBRei_	b283708d14524a9be0d6c01eeb802d5c
_kJFhfHFurOSMfRHihdUBRei/FTRTEW/FERYT;ERT_Cc__kJFhfHFurOSMfRHihdUBRei_	817f99499bb9799fbbbb689df9f2c7d8
_kJFhfHFurOSMfRHihdUBRei/FTRTEW/FERYT;ERT_dc__kJFhfHFurOSMfRHihdUBRei_	7bce26987f3d12e7d9030578b430a799
_kJFhfHFurOSMfRHihdUBRei/FTRTEW/FERYT;ERT_Dc__kJFhfHFurOSMfRHihdUBRei_	ab3129270c3169c6af1ac1cc5361c5a5
_kJFhfHFurOSMfRHihdUBRei/FTRTEW/FERYT;ERT_ec__kJFhfHFurOSMfRHihdUBRei_	2ed8645e4cc0ad5a63ea5136c1118be5
_kJFhfHFurOSMfRHihdUBRei/FTRTEW/FERYT;ERT_Ec__kJFhfHFurOSMfRHihdUBRei_	f137bbbad4f6abe85290e7751ecb95e8
_kJFhfHFurOSMfRHihdUBRei/FTRTEW/FERYT;ERT_fc__kJFhfHFurOSMfRHihdUBRei_	965067d1ac202e48759dfc07f9929338
_kJFhfHFurOSMfRHihdUBRei/FTRTEW/FERYT;ERT_Fc__kJFhfHFurOSMfRHihdUBRei_	8a7b549c8b4a080d1cce7bb5582b8e3a
_kJFhfHFurOSMfRHihdUBRei/FTRTEW/FERYT;ERT_gc__kJFhfHFurOSMfRHihdUBRei_	ccea963ce460b89f90c8f9f7c040d9aa
_kJFhfHFurOSMfRHihdUBRei/FTRTEW/FERYT;ERT_Gc__kJFhfHFurOSMfRHihdUBRei_	a034a946c99bfd6bedcb9fa0bcd7bc0b
_kJFhfHFurOSMfRHihdUBRei/FTRTEW/FERYT;ERT_hc__kJFhfHFurOSMfRHihdUBRei_	4817523aefae6cbad55c11d1abb56b8a
_kJFhfHFurOSMfRHihdUBRei/FTRTEW/FERYT;ERT_Hc__kJFhfHFurOSMfRHihdUBRei_	11cb7bea031af37b0c56d5d88ba55ac0
_kJFhfHFurOSMfRHihdUBRei/FTRTEW/FERYT;ERT_ic__kJFhfHFurOSMfRHihdUBRei_	eee2a8fa4682ab87007184f6058a0c5a
_kJFhfHFurOSMfRHihdUBRei/FTRTEW/FERYT;ERT_Ic__kJFhfHFurOSMfRHihdUBRei_	bb55942b386b01efbefb246e37f2e61f
_kJFhfHFurOSMfRHihdUBRei/FTRTEW/FERYT;ERT_jc__kJFhfHFurOSMfRHihdUBRei_	0bf66528a69e7c27d8d1c9ec131c43e1
_kJFhfHFurOSMfRHihdUBRei/FTRTEW/FERYT;ERT_Jc__kJFhfHFurOSMfRHihdUBRei_	795cba64642f4a547caafedf115d9ae8
_kJFhfHFurOSMfRHihdUBRei/FTRTEW/FERYT;ERT_kc__kJFhfHFurOSMfRHihdUBRei_	a9dc7390552996b84ccc5a5bb70b500a
_kJFhfHFurOSMfRHihdUBRei/FTRTEW/FERYT;ERT_Kc__kJFhfHFurOSMfRHihdUBRei_	8aed80e2d11f5e4cfb69db44be21f623
_kJFhfHFurOSMfRHihdUBRei/FTRTEW/FERYT;ERT_lc__kJFhfHFurOSMfRHihdUBRei_	9c4600755735f667b7f22f5f0557c14b
_kJFhfHFurOSMfRHihdUBRei/FTRTEW/FERYT;ERT_Lc__kJFhfHFurOSMfRHihdUBRei_	e812ebfab81cd7e9d7c159da22048bf6
_kJFhfHFurOSMfRHihdUBRei/FTRTEW/FERYT;ERT_mc__kJFhfHFurOSMfRHihdUBRei_	ace4575ae2bdfd1ecbba4bda8e13b0cb
_kJFhfHFurOSMfRHihdUBRei/FTRTEW/FERYT;ERT_Mc__kJFhfHFurOSMfRHihdUBRei_	ab52872bbb347378b78c06cd54839f14
_kJFhfHFurOSMfRHihdUBRei/FTRTEW/FERYT;ERT_nc__kJFhfHFurOSMfRHihdUBRei_	25013a48f30a4d3acde326db4223b34f
_kJFhfHFurOSMfRHihdUBRei/FTRTEW/FERYT;ERT_Nc__kJFhfHFurOSMfRHihdUBRei_	e826869f06122fa3da2ffb7eca698e31
_kJFhfHFurOSMfRHihdUBRei/FTRTEW/FERYT;ERT_oc__kJFhfHFurOSMfRHihdUBRei_	7e373ce4ee82f794b9ee8a18e64c6c38
_kJFhfHFurOSMfRHihdUBRei/FTRTEW/FERYT;ERT_Oc__kJFhfHFurOSMfRHihdUBRei_	2b4c9a3e4e63cbaceee6755e160cb72f
_kJFhfHFurOSMfRHihdUBRei/FTRTEW/FERYT;ERT_pc__kJFhfHFurOSMfRHihdUBRei_	6e69e938fc8ae01299c30d759e823db3
_kJFhfHFurOSMfRHihdUBRei/FTRTEW/FERYT;ERT_Pc__kJFhfHFurOSMfRHihdUBRei_	882e6698e2e9749f4d8dab959709223a
_kJFhfHFurOSMfRHihdUBRei/FTRTEW/FERYT;ERT_qc__kJFhfHFurOSMfRHihdUBRei_	72c38f0b63302de8546f9c05150e48f3
_kJFhfHFurOSMfRHihdUBRei/FTRTEW/FERYT;ERT_Qc__kJFhfHFurOSMfRHihdUBRei_	559f568393095e46b3e2875991debce6
_kJFhfHFurOSMfRHihdUBRei/FTRTEW/FERYT;ERT_rc__kJFhfHFurOSMfRHihdUBRei_	8a15268cbffd94036015b0de7ef5ffd3
_kJFhfHFurOSMfRHihdUBRei/FTRTEW/FERYT;ERT_Rc__kJFhfHFurOSMfRHihdUBRei_	2f2bf52b3e935a4b6242711836b07357
_kJFhfHFurOSMfRHihdUBRei/FTRTEW/FERYT;ERT_sc__kJFhfHFurOSMfRHihdUBRei_	086bc50f40aca30f20684696ea73f1b1
_kJFhfHFurOSMfRHihdUBRei/FTRTEW/FERYT;ERT_Sc__kJFhfHFurOSMfRHihdUBRei_	10499d4825e0e89ec5af02e8dfc97347
_kJFhfHFurOSMfRHihdUBRei/FTRTEW/FERYT;ERT_tc__kJFhfHFurOSMfRHihdUBRei_	5be163a14d389a64340b0cee4e068d78
_kJFhfHFurOSMfRHihdUBRei/FTRTEW/FERYT;ERT_Tc__kJFhfHFurOSMfRHihdUBRei_	3f74c0cf925355dd000ca89c34cacf36
_kJFhfHFurOSMfRHihdUBRei/FTRTEW/FERYT;ERT_uc__kJFhfHFurOSMfRHihdUBRei_	fdb09f7a5f6d25438907fcf7bb2d01f9
_kJFhfHFurOSMfRHihdUBRei/FTRTEW/FERYT;ERT_Uc__kJFhfHFurOSMfRHihdUBRei_	cbd7c627286af2aa1aae764fe4fc31dc
_kJFhfHFurOSMfRHihdUBRei/FTRTEW/FERYT;ERT_vc__kJFhfHFurOSMfRHihdUBRei_	9a8f05d3bcf0c261e0d6d1543d673837
_kJFhfHFurOSMfRHihdUBRei/FTRTEW/FERYT;ERT_Vc__kJFhfHFurOSMfRHihdUBRei_	cadabc0f7431f1559aa6fa7b2c2ecbe0
_kJFhfHFurOSMfRHihdUBRei/FTRTEW/FERYT;ERT_wc__kJFhfHFurOSMfRHihdUBRei_	340f485003645085fd3ccfdae778f1a6
_kJFhfHFurOSMfRHihdUBRei/FTRTEW/FERYT;ERT_Wc__kJFhfHFurOSMfRHihdUBRei_	e20536c798588b37a585beba506d9f97
_kJFhfHFurOSMfRHihdUBRei/FTRTEW/FERYT;ERT_xc__kJFhfHFurOSMfRHihdUBRei_	695d0f750265b5f719fb69cb77d640fc
_kJFhfHFurOSMfRHihdUBRei/FTRTEW/FERYT;ERT_Xc__kJFhfHFurOSMfRHihdUBRei_	5d1d17320cc83c04bc95f823f655c583
_kJFhfHFurOSMfRHihdUBRei/FTRTEW/FERYT;ERT_yc__kJFhfHFurOSMfRHihdUBRei_	9fe95901d06b4d8f9e8487e65191abf6
_kJFhfHFurOSMfRHihdUBRei/FTRTEW/FERYT;ERT_Yc__kJFhfHFurOSMfRHihdUBRei_	87671449f0293ea4c25e014a7bfa8750
_kJFhfHFurOSMfRHihdUBRei/FTRTEW/FERYT;ERT_zc__kJFhfHFurOSMfRHihdUBRei_	b2db0773f27f9e93a7581043531c5b6a
_kJFhfHFurOSMfRHihdUBRei/FTRTEW/FERYT;ERT_Zc__kJFhfHFurOSMfRHihdUBRei_	e782f994f25cde06d2d7c6804076a227
_kJFhfHFurOSMfRHihdUBRei/FTRTEW/FERYT;ERT_0c__kJFhfHFurOSMfRHihdUBRei_	823f82228290d99767affec81beaa85c
_kJFhfHFurOSMfRHihdUBRei/FTRTEW/FERYT;ERT_1c__kJFhfHFurOSMfRHihdUBRei_	31f2fdb76a38eee8ddfe5e680a566336
_kJFhfHFurOSMfRHihdUBRei/FTRTEW/FERYT;ERT_2c__kJFhfHFurOSMfRHihdUBRei_	59e91c77472715b9794764cb5d389597
_kJFhfHFurOSMfRHihdUBRei/FTRTEW/FERYT;ERT_3c__kJFhfHFurOSMfRHihdUBRei_	9e1c200016812a16dcdd9c884bedb42f
_kJFhfHFurOSMfRHihdUBRei/FTRTEW/FERYT;ERT_4c__kJFhfHFurOSMfRHihdUBRei_	0093ccd7af383a010b7f0260cbe59452
_kJFhfHFurOSMfRHihdUBRei/FTRTEW/FERYT;ERT_5c__kJFhfHFurOSMfRHihdUBRei_	4556d9419011bc0658334656df0f18d3
_kJFhfHFurOSMfRHihdUBRei/FTRTEW/FERYT;ERT_6c__kJFhfHFurOSMfRHihdUBRei_	79b68925faecf9710720d88fce674254
_kJFhfHFurOSMfRHihdUBRei/FTRTEW/FERYT;ERT_7c__kJFhfHFurOSMfRHihdUBRei_	3b682befe78ec67a0013410a5a8eed77
_kJFhfHFurOSMfRHihdUBRei/FTRTEW/FERYT;ERT_8c__kJFhfHFurOSMfRHihdUBRei_	a72a03819b986c412cdf99367fae54f2
_kJFhfHFurOSMfRHihdUBRei/FTRTEW/FERYT;ERT_9c__kJFhfHFurOSMfRHihdUBRei_	fcad306ac5982381c7e434b0899f7c7e
_kJFhfHFurOSMfRHihdUBRei/FTRTEW/FERYT;ERT_aC__kJFhfHFurOSMfRHihdUBRei_	7613ce769c233a7b1fd95aa36d8cf4bd
_kJFhfHFurOSMfRHihdUBRei/FTRTEW/FERYT;ERT_AC__kJFhfHFurOSMfRHihdUBRei_	585f275bd41f3a1957963c7055244e5c
_kJFhfHFurOSMfRHihdUBRei/FTRTEW/FERYT;ERT_bC__kJFhfHFurOSMfRHihdUBRei_	7ab49680e6888c4784aa8da1d1a540ff
_kJFhfHFurOSMfRHihdUBRei/FTRTEW/FERYT;ERT_BC__kJFhfHFurOSMfRHihdUBRei_	bec2f45034c3ba74860b43e248bdb15d
_kJFhfHFurOSMfRHihdUBRei/FTRTEW/FERYT;ERT_cC__kJFhfHFurOSMfRHihdUBRei_	e15a8361d6320994d4686bf81b6325d1
_kJFhfHFurOSMfRHihdUBRei/FTRTEW/FERYT;ERT_CC__kJFhfHFurOSMfRHihdUBRei_	3a9097263a75ccdf6c453f2877327ff6
_kJFhfHFurOSMfRHihdUBRei/FTRTEW/FERYT;ERT_dC__kJFhfHFurOSMfRHihdUBRei_	05ff44e3efe4d3632e92fab6f44fb643
_kJFhfHFurOSMfRHihdUBRei/FTRTEW/FERYT;ERT_DC__kJFhfHFurOSMfRHihdUBRei_	8fb48d3930e55c438adb078316af1814
_kJFhfHFurOSMfRHihdUBRei/FTRTEW/FERYT;ERT_eC__kJFhfHFurOSMfRHihdUBRei_	cf118d374cf4d9ed88202bed549debe4
_kJFhfHFurOSMfRHihdUBRei/FTRTEW/FERYT;ERT_EC__kJFhfHFurOSMfRHihdUBRei_	d9aac918bfda0a589ebcc4723c0e2db7
_kJFhfHFurOSMfRHihdUBRei/FTRTEW/FERYT;ERT_fC__kJFhfHFurOSMfRHihdUBRei_	7bfc83d568d2892aabe656ce86c776d6
_kJFhfHFurOSMfRHihdUBRei/FTRTEW/FERYT;ERT_FC__kJFhfHFurOSMfRHihdUBRei_	7f9cbefae240e1f7762fc2b2837b3203
_kJFhfHFurOSMfRHihdUBRei/FTRTEW/FERYT;ERT_gC__kJFhfHFurOSMfRHihdUBRei_	8a09ad9433f2984e54c5d80b18007798
_kJFhfHFurOSMfRHihdUBRei/FTRTEW/FERYT;ERT_GC__kJFhfHFurOSMfRHihdUBRei_	0e5c51634ec28ade0790f24165b3d76b
_kJFhfHFurOSMfRHihdUBRei/FTRTEW/FERYT;ERT_hC__kJFhfHFurOSMfRHihdUBRei_	c9bb0dda99f01063bb0007df45868c7f
_kJFhfHFurOSMfRHihdUBRei/FTRTEW/FERYT;ERT_HC__kJFhfHFurOSMfRHihdUBRei_	96d27ac2bc267c7c054797634c07afb0
_kJFhfHFurOSMfRHihdUBRei/FTRTEW/FERYT;ERT_iC__kJFhfHFurOSMfRHihdUBRei_	f7661439169c3fb667f11725229cdfd5
_kJFhfHFurOSMfRHihdUBRei/FTRTEW/FERYT;ERT_IC__kJFhfHFurOSMfRHihdUBRei_	cf75af42ecfde923899df58908cb793e
_kJFhfHFurOSMfRHihdUBRei/FTRTEW/FERYT;ERT_jC__kJFhfHFurOSMfRHihdUBRei_	e2dc939a8d1eb7078fd13c8429cb7087
_kJFhfHFurOSMfRHihdUBRei/FTRTEW/FERYT;ERT_JC__kJFhfHFurOSMfRHihdUBRei_	5f2bb8a5f971b45f78a62ab42ba16dcc
_kJFhfHFurOSMfRHihdUBRei/FTRTEW/FERYT;ERT_kC__kJFhfHFurOSMfRHihdUBRei_	4c6c7b7621bd3e4cb6ee350019916e23
_kJFhfHFurOSMfRHihdUBRei/FTRTEW/FERYT;ERT_KC__kJFhfHFurOSMfRHihdUBRei_	c6d753348ccdb29dedfc4e50ab6276c5
_kJFhfHFurOSMfRHihdUBRei/FTRTEW/FERYT;ERT_lC__kJFhfHFurOSMfRHihdUBRei_	2b79a6b67f6c4bee0668a64c9a294a3b
_kJFhfHFurOSMfRHihdUBRei/FTRTEW/FERYT;ERT_LC__kJFhfHFurOSMfRHihdUBRei_	0a29a3cfac242869bb6c877dcf67313b
_kJFhfHFurOSMfRHihdUBRei/FTRTEW/FERYT;ERT_mC__kJFhfHFurOSMfRHihdUBRei_	d6022e46f45e78e1fcbfe1136533d847
_kJFhfHFurOSMfRHihdUBRei/FTRTEW/FERYT;ERT_MC__kJFhfHFurOSMfRHihdUBRei_	a87e3223834cb52c48dbbfe24108ec79
_kJFhfHFurOSMfRHihdUBRei/FTRTEW/FERYT;ERT_nC__kJFhfHFurOSMfRHihdUBRei_	410b408418ae737ba67e25c19d118444
_kJFhfHFurOSMfRHihdUBRei/FTRTEW/FERYT;ERT_NC__kJFhfHFurOSMfRHihdUBRei_	3757c4f751325d7061145ee799dc0ebd
_kJFhfHFurOSMfRHihdUBRei/FTRTEW/FERYT;ERT_oC__kJFhfHFurOSMfRHihdUBRei_	a7f96e665307f4e93b3deae375046299
_kJFhfHFurOSMfRHihdUBRei/FTRTEW/FERYT;ERT_OC__kJFhfHFurOSMfRHihdUBRei_	20d4ceeb1b6985cf5f0ae34265d85530
_kJFhfHFurOSMfRHihdUBRei/FTRTEW/FERYT;ERT_pC__kJFhfHFurOSMfRHihdUBRei_	1951ef29860851ef94fecab7ce528302
_kJFhfHFurOSMfRHihdUBRei/FTRTEW/FERYT;ERT_PC__kJFhfHFurOSMfRHihdUBRei_	fc4bbad8776fa087b6dcca770ba034d3
_kJFhfHFurOSMfRHihdUBRei/FTRTEW/FERYT;ERT_qC__kJFhfHFurOSMfRHihdUBRei_	81641caf4cf027f2160afaed980cbd2c
_kJFhfHFurOSMfRHihdUBRei/FTRTEW/FERYT;ERT_QC__kJFhfHFurOSMfRHihdUBRei_	4c969d79500371f9cef0bf43ff2fba29
_kJFhfHFurOSMfRHihdUBRei/FTRTEW/FERYT;ERT_rC__kJFhfHFurOSMfRHihdUBRei_	b94f15157cac9f518742b428083b4075
_kJFhfHFurOSMfRHihdUBRei/FTRTEW/FERYT;ERT_RC__kJFhfHFurOSMfRHihdUBRei_	1a6c2f7e54d4883228efba9c57fa61c1
_kJFhfHFurOSMfRHihdUBRei/FTRTEW/FERYT;ERT_sC__kJFhfHFurOSMfRHihdUBRei_	61ad54c19dab2d14fc9cfa5e9db0f82b
_kJFhfHFurOSMfRHihdUBRei/FTRTEW/FERYT;ERT_SC__kJFhfHFurOSMfRHihdUBRei_	eaeb1cec40410c8ea7e1a8d2bbea2a14
_kJFhfHFurOSMfRHihdUBRei/FTRTEW/FERYT;ERT_tC__kJFhfHFurOSMfRHihdUBRei_	814da6b83978b89d69896a76ee35c4ec
_kJFhfHFurOSMfRHihdUBRei/FTRTEW/FERYT;ERT_TC__kJFhfHFurOSMfRHihdUBRei_	15f8ed3fa2e9a4b867806b75c8348de5
_kJFhfHFurOSMfRHihdUBRei/FTRTEW/FERYT;ERT_uC__kJFhfHFurOSMfRHihdUBRei_	d8288c098b9a8942796962ddbc6c25ac
_kJFhfHFurOSMfRHihdUBRei/FTRTEW/FERYT;ERT_UC__kJFhfHFurOSMfRHihdUBRei_	23b70148f4d65bef5d50d6cc30e89c12
_kJFhfHFurOSMfRHihdUBRei/FTRTEW/FERYT;ERT_vC__kJFhfHFurOSMfRHihdUBRei_	fe6be14a9283ec500c9e1d8524ae4765
_kJFhfHFurOSMfRHihdUBRei/FTRTEW/FERYT;ERT_VC__kJFhfHFurOSMfRHihdUBRei_	457d8d657b923c869b30daacfbfd05ce
_kJFhfHFurOSMfRHihdUBRei/FTRTEW/FERYT;ERT_wC__kJFhfHFurOSMfRHihdUBRei_	b888bb0118e5ccaeab38ceb79e56b725
_kJFhfHFurOSMfRHihdUBRei/FTRTEW/FERYT;ERT_WC__kJFhfHFurOSMfRHihdUBRei_	b8a064dbb90aa29c623f68893ff4317c
_kJFhfHFurOSMfRHihdUBRei/FTRTEW/FERYT;ERT_xC__kJFhfHFurOSMfRHihdUBRei_	781e9adc86fad3fc4115e6e2799e01e0
_kJFhfHFurOSMfRHihdUBRei/FTRTEW/FERYT;ERT_XC__kJFhfHFurOSMfRHihdUBRei_	7ccf1dc64261c36da93198df263e581f
_kJFhfHFurOSMfRHihdUBRei/FTRTEW/FERYT;ERT_yC__kJFhfHFurOSMfRHihdUBRei_	dccf9b9b9e5a8c77f6fbe7d4482c235a
_kJFhfHFurOSMfRHihdUBRei/FTRTEW/FERYT;ERT_YC__kJFhfHFurOSMfRHihdUBRei_	827f0c69ff757cc3aa14c32bb96869b2
_kJFhfHFurOSMfRHihdUBRei/FTRTEW/FERYT;ERT_zC__kJFhfHFurOSMfRHihdUBRei_	a709d394e825b69457f445fb09bd4517
_kJFhfHFurOSMfRHihdUBRei/FTRTEW/FERYT;ERT_ZC__kJFhfHFurOSMfRHihdUBRei_	334f4c3a2c73a99a01b9966949877575
_kJFhfHFurOSMfRHihdUBRei/FTRTEW/FERYT;ERT_0C__kJFhfHFurOSMfRHihdUBRei_	1851f81049f35793e1f7b563fdf5cb2e
_kJFhfHFurOSMfRHihdUBRei/FTRTEW/FERYT;ERT_1C__kJFhfHFurOSMfRHihdUBRei_	5a059d7e299f8269d35f3a8ec1f520b1
_kJFhfHFurOSMfRHihdUBRei/FTRTEW/FERYT;ERT_2C__kJFhfHFurOSMfRHihdUBRei_	35178753ce1c308ce6acd3be3220e430
_kJFhfHFurOSMfRHihdUBRei/FTRTEW/FERYT;ERT_3C__kJFhfHFurOSMfRHihdUBRei_	cc2d635987b5c54ce3353ebb11b45d7c
_kJFhfHFurOSMfRHihdUBRei/FTRTEW/FERYT;ERT_4C__kJFhfHFurOSMfRHihdUBRei_	e426edde4e4f40a4e201eb402a5a857a
_kJFhfHFurOSMfRHihdUBRei/FTRTEW/FERYT;ERT_5C__kJFhfHFurOSMfRHihdUBRei_	30a0b4be36b4560703ac7406872483de
_kJFhfHFurOSMfRHihdUBRei/FTRTEW/FERYT;ERT_6C__kJFhfHFurOSMfRHihdUBRei_	878c2ecc7e5cf16f1a624816e81c2a25
_kJFhfHFurOSMfRHihdUBRei/FTRTEW/FERYT;ERT_7C__kJFhfHFurOSMfRHihdUBRei_	127390a1c36e284e0f093352795507da
_kJFhfHFurOSMfRHihdUBRei/FTRTEW/FERYT;ERT_8C__kJFhfHFurOSMfRHihdUBRei_	fff35d47a7786004b52de9565bca4083
_kJFhfHFurOSMfRHihdUBRei/FTRTEW/FERYT;ERT_9C__kJFhfHFurOSMfRHihdUBRei_	604bd53e483755ea314f9c62e51453af
_kJFhfHFurOSMfRHihdUBRei/FTRTEW/FERYT;ERT_ad__kJFhfHFurOSMfRHihdUBRei_	5d61f57f87d7b8b4f1599f474bd510d9
_kJFhfHFurOSMfRHihdUBRei/FTRTEW/FERYT;ERT_Ad__kJFhfHFurOSMfRHihdUBRei_	9c09b5676d7aca958321370bf5a7c3a1
_kJFhfHFurOSMfRHihdUBRei/FTRTEW/FERYT;ERT_bd__kJFhfHFurOSMfRHihdUBRei_	7dd18722c85f0a4cc4900594d928254e
_kJFhfHFurOSMfRHihdUBRei/FTRTEW/FERYT;ERT_Bd__kJFhfHFurOSMfRHihdUBRei_	5c00b347e733a7b842d9be2db31b9d8a
_kJFhfHFurOSMfRHihdUBRei/FTRTEW/FERYT;ERT_cd__kJFhfHFurOSMfRHihdUBRei_	b4308d28424933e4e7b60c830e37d648
_kJFhfHFurOSMfRHihdUBRei/FTRTEW/FERYT;ERT_Cd__kJFhfHFurOSMfRHihdUBRei_	93e775997bd137fa9a9407f72b355b82
_kJFhfHFurOSMfRHihdUBRei/FTRTEW/FERYT;ERT_dd__kJFhfHFurOSMfRHihdUBRei_	c2102317f2a29e40eb23e3d15adf0863
_kJFhfHFurOSMfRHihdUBRei/FTRTEW/FERYT;ERT_Dd__kJFhfHFurOSMfRHihdUBRei_	d16f74256444929d88bd7cf5d819c3c9
_kJFhfHFurOSMfRHihdUBRei/FTRTEW/FERYT;ERT_ed__kJFhfHFurOSMfRHihdUBRei_	5ce34693867716b387abb99c0dc89b25
_kJFhfHFurOSMfRHihdUBRei/FTRTEW/FERYT;ERT_Ed__kJFhfHFurOSMfRHihdUBRei_	0f6314ffbbbd50c7edf3d65996e04a0d
_kJFhfHFurOSMfRHihdUBRei/FTRTEW/FERYT;ERT_fd__kJFhfHFurOSMfRHihdUBRei_	8ce983b8c95667a75c734b039ce8d332
_kJFhfHFurOSMfRHihdUBRei/FTRTEW/FERYT;ERT_Fd__kJFhfHFurOSMfRHihdUBRei_	c443ad30ac1eb7ebc3ec372ad6e2f25f
_kJFhfHFurOSMfRHihdUBRei/FTRTEW/FERYT;ERT_gd__kJFhfHFurOSMfRHihdUBRei_	c48bce7076f3a433a98ffdcb354d7eae
_kJFhfHFurOSMfRHihdUBRei/FTRTEW/FERYT;ERT_Gd__kJFhfHFurOSMfRHihdUBRei_	e13dcec6ac5662f0f1d2f3ba36bb17ec
_kJFhfHFurOSMfRHihdUBRei/FTRTEW/FERYT;ERT_hd__kJFhfHFurOSMfRHihdUBRei_	c31c75eab2b086e5262edfb60936fb22
_kJFhfHFurOSMfRHihdUBRei/FTRTEW/FERYT;ERT_Hd__kJFhfHFurOSMfRHihdUBRei_	a0b312c48fe35ab484b34cf7706e914d
_kJFhfHFurOSMfRHihdUBRei/FTRTEW/FERYT;ERT_id__kJFhfHFurOSMfRHihdUBRei_	694ee0af450a3f4f25e4db3928497b05
_kJFhfHFurOSMfRHihdUBRei/FTRTEW/FERYT;ERT_Id__kJFhfHFurOSMfRHihdUBRei_	2ce3e0379bc68792f627fa8b7c89aa93
_kJFhfHFurOSMfRHihdUBRei/FTRTEW/FERYT;ERT_jd__kJFhfHFurOSMfRHihdUBRei_	d70231e6e4f46907cea9f1aad758e2bc
_kJFhfHFurOSMfRHihdUBRei/FTRTEW/FERYT;ERT_Jd__kJFhfHFurOSMfRHihdUBRei_	4dedf70d73078846d1ab2b5f6ffc3617
_kJFhfHFurOSMfRHihdUBRei/FTRTEW/FERYT;ERT_kd__kJFhfHFurOSMfRHihdUBRei_	4b71da9d2dc725a2f991d7709934b0b7
_kJFhfHFurOSMfRHihdUBRei/FTRTEW/FERYT;ERT_Kd__kJFhfHFurOSMfRHihdUBRei_	61f144dac5f21dbf48d0b4c215286729
_kJFhfHFurOSMfRHihdUBRei/FTRTEW/FERYT;ERT_ld__kJFhfHFurOSMfRHihdUBRei_	d33c27fc2efeec650447417324c6b439
_kJFhfHFurOSMfRHihdUBRei/FTRTEW/FERYT;ERT_Ld__kJFhfHFurOSMfRHihdUBRei_	c439b9d8478878a5628063023f02361a
_kJFhfHFurOSMfRHihdUBRei/FTRTEW/FERYT;ERT_md__kJFhfHFurOSMfRHihdUBRei_	2a2b11997311903a318ae2bbc2976493
_kJFhfHFurOSMfRHihdUBRei/FTRTEW/FERYT;ERT_Md__kJFhfHFurOSMfRHihdUBRei_	1989d5c9e704a312fc7d59e3605fb3b7
_kJFhfHFurOSMfRHihdUBRei/FTRTEW/FERYT;ERT_nd__kJFhfHFurOSMfRHihdUBRei_	8060334db460e382d489292c733f94f5
_kJFhfHFurOSMfRHihdUBRei/FTRTEW/FERYT;ERT_Nd__kJFhfHFurOSMfRHihdUBRei_	fc8fdd32661390e32fae6f54f4e68df5
_kJFhfHFurOSMfRHihdUBRei/FTRTEW/FERYT;ERT_od__kJFhfHFurOSMfRHihdUBRei_	92edb7b43edbcb30e6597d7f80f176a6
_kJFhfHFurOSMfRHihdUBRei/FTRTEW/FERYT;ERT_Od__kJFhfHFurOSMfRHihdUBRei_	22f1c225da9ad4b913e4e3cb00a61a81
_kJFhfHFurOSMfRHihdUBRei/FTRTEW/FERYT;ERT_pd__kJFhfHFurOSMfRHihdUBRei_	fd51f79f6242c3d45f25de2ea16c9b58
_kJFhfHFurOSMfRHihdUBRei/FTRTEW/FERYT;ERT_Pd__kJFhfHFurOSMfRHihdUBRei_	d6f1bce2d06f1ffc737b1a4725fcbbd0
_kJFhfHFurOSMfRHihdUBRei/FTRTEW/FERYT;ERT_qd__kJFhfHFurOSMfRHihdUBRei_	1eeb9cc6e02b3eb8ce2c18d59f65a26e
_kJFhfHFurOSMfRHihdUBRei/FTRTEW/FERYT;ERT_Qd__kJFhfHFurOSMfRHihdUBRei_	5e0920933569ce79d72dc5a43d918014
_kJFhfHFurOSMfRHihdUBRei/FTRTEW/FERYT;ERT_rd__kJFhfHFurOSMfRHihdUBRei_	70587ff04081e8a33f795322d7930de7
_kJFhfHFurOSMfRHihdUBRei/FTRTEW/FERYT;ERT_Rd__kJFhfHFurOSMfRHihdUBRei_	c8008556ec62f4895786c42b2d7d192d
_kJFhfHFurOSMfRHihdUBRei/FTRTEW/FERYT;ERT_sd__kJFhfHFurOSMfRHihdUBRei_	e0ae311267fd2f342f8302c20ff4ca24
_kJFhfHFurOSMfRHihdUBRei/FTRTEW/FERYT;ERT_Sd__kJFhfHFurOSMfRHihdUBRei_	a8363fd1b95609e85aa042f2b7595539
_kJFhfHFurOSMfRHihdUBRei/FTRTEW/FERYT;ERT_td__kJFhfHFurOSMfRHihdUBRei_	412744d01629d028fd22e00d4f125e3a
_kJFhfHFurOSMfRHihdUBRei/FTRTEW/FERYT;ERT_Td__kJFhfHFurOSMfRHihdUBRei_	25f5234732a345f0ad609f17e2e6ced5
_kJFhfHFurOSMfRHihdUBRei/FTRTEW/FERYT;ERT_ud__kJFhfHFurOSMfRHihdUBRei_	5f1ac034de190115e4be3e3b67502e4c
_kJFhfHFurOSMfRHihdUBRei/FTRTEW/FERYT;ERT_Ud__kJFhfHFurOSMfRHihdUBRei_	224633011219fa571141ccf2dc72cda1
_kJFhfHFurOSMfRHihdUBRei/FTRTEW/FERYT;ERT_vd__kJFhfHFurOSMfRHihdUBRei_	deb4f1d49188c10ec8d882b889852771
_kJFhfHFurOSMfRHihdUBRei/FTRTEW/FERYT;ERT_Vd__kJFhfHFurOSMfRHihdUBRei_	751441e095132f9a07d9504876f09fe4
_kJFhfHFurOSMfRHihdUBRei/FTRTEW/FERYT;ERT_wd__kJFhfHFurOSMfRHihdUBRei_	f3831c5fd85d9da1ac200a768779adf2
_kJFhfHFurOSMfRHihdUBRei/FTRTEW/FERYT;ERT_Wd__kJFhfHFurOSMfRHihdUBRei_	9031304a653cd809d85506c777eba098
_kJFhfHFurOSMfRHihdUBRei/FTRTEW/FERYT;ERT_xd__kJFhfHFurOSMfRHihdUBRei_	a6ec8c7600adb6dc6dfd63e5cd95844d
_kJFhfHFurOSMfRHihdUBRei/FTRTEW/FERYT;ERT_Xd__kJFhfHFurOSMfRHihdUBRei_	47a9d926f4d0ff1dc213c714118a9344
_kJFhfHFurOSMfRHihdUBRei/FTRTEW/FERYT;ERT_yd__kJFhfHFurOSMfRHihdUBRei_	52a1cea369b6b350ca08dcc5f637ca59
_kJFhfHFurOSMfRHihdUBRei/FTRTEW/FERYT;ERT_Yd__kJFhfHFurOSMfRHihdUBRei_	901bf535ca6c5ff74247d1d407048aed
_kJFhfHFurOSMfRHihdUBRei/FTRTEW/FERYT;ERT_zd__kJFhfHFurOSMfRHihdUBRei_	b712e73d5d3a52aca8f7b5fe0a4bdd97
_kJFhfHFurOSMfRHihdUBRei/FTRTEW/FERYT;ERT_Zd__kJFhfHFurOSMfRHihdUBRei_	5845afcf3516b7adf6a377d0f821e8cc
_kJFhfHFurOSMfRHihdUBRei/FTRTEW/FERYT;ERT_0d__kJFhfHFurOSMfRHihdUBRei_	68421925bd34de1fbb631c2657d0e6ba
_kJFhfHFurOSMfRHihdUBRei/FTRTEW/FERYT;ERT_1d__kJFhfHFurOSMfRHihdUBRei_	49c6071989888246745c3cab9944b06b
_kJFhfHFurOSMfRHihdUBRei/FTRTEW/FERYT;ERT_2d__kJFhfHFurOSMfRHihdUBRei_	381bd85a1c82f31d1cfaeb6dcdc1eabb
_kJFhfHFurOSMfRHihdUBRei/FTRTEW/FERYT;ERT_3d__kJFhfHFurOSMfRHihdUBRei_	9fce3f11c126d6a403520b7f5179e79d
_kJFhfHFurOSMfRHihdUBRei/FTRTEW/FERYT;ERT_4d__kJFhfHFurOSMfRHihdUBRei_	ec574d2d15875b9b7ba220ce8a34d55a
_kJFhfHFurOSMfRHihdUBRei/FTRTEW/FERYT;ERT_5d__kJFhfHFurOSMfRHihdUBRei_	300af71e8f1f60d2f344fe441d376369
_kJFhfHFurOSMfRHihdUBRei/FTRTEW/FERYT;ERT_6d__kJFhfHFurOSMfRHihdUBRei_	41a5bfb4f31c326c7f5fa22528f45866
_kJFhfHFurOSMfRHihdUBRei/FTRTEW/FERYT;ERT_7d__kJFhfHFurOSMfRHihdUBRei_	d71f5338134e2af88b69be2b757f03d4
_kJFhfHFurOSMfRHihdUBRei/FTRTEW/FERYT;ERT_8d__kJFhfHFurOSMfRHihdUBRei_	88a15b97ce276ba01d057b684819eceb
_kJFhfHFurOSMfRHihdUBRei/FTRTEW/FERYT;ERT_9d__kJFhfHFurOSMfRHihdUBRei_	0b612371a0c0aba61d61981611499f5d
_kJFhfHFurOSMfRHihdUBRei/FTRTEW/FERYT;ERT_aD__kJFhfHFurOSMfRHihdUBRei_	927dbaef7afb21024444115f48131162
_kJFhfHFurOSMfRHihdUBRei/FTRTEW/FERYT;ERT_AD__kJFhfHFurOSMfRHihdUBRei_	cd31b3b58ee99e7a012f38f1f01fad05
_kJFhfHFurOSMfRHihdUBRei/FTRTEW/FERYT;ERT_bD__kJFhfHFurOSMfRHihdUBRei_	3fac2a9e1e8b8b16194c317b2a870075
_kJFhfHFurOSMfRHihdUBRei/FTRTEW/FERYT;ERT_BD__kJFhfHFurOSMfRHihdUBRei_	88d63814ed970dc06b438464983cf042
_kJFhfHFurOSMfRHihdUBRei/FTRTEW/FERYT;ERT_cD__kJFhfHFurOSMfRHihdUBRei_	8a20f001578fea446923b9687ad5d530
_kJFhfHFurOSMfRHihdUBRei/FTRTEW/FERYT;ERT_CD__kJFhfHFurOSMfRHihdUBRei_	81cb892d78c5a6a802cc15ad1291a98b
_kJFhfHFurOSMfRHihdUBRei/FTRTEW/FERYT;ERT_dD__kJFhfHFurOSMfRHihdUBRei_	39d07de449c23e8e7d086202109d16cd
_kJFhfHFurOSMfRHihdUBRei/FTRTEW/FERYT;ERT_DD__kJFhfHFurOSMfRHihdUBRei_	59c13d307ee41cb8746215fbe931b361
_kJFhfHFurOSMfRHihdUBRei/FTRTEW/FERYT;ERT_eD__kJFhfHFurOSMfRHihdUBRei_	337bf5ac1480228385e8942df551f196
_kJFhfHFurOSMfRHihdUBRei/FTRTEW/FERYT;ERT_ED__kJFhfHFurOSMfRHihdUBRei_	a4b211b5478f06495fe66fe397da51a4
_kJFhfHFurOSMfRHihdUBRei/FTRTEW/FERYT;ERT_fD__kJFhfHFurOSMfRHihdUBRei_	cbf5d670b0634bd042edc22592e6ec72
_kJFhfHFurOSMfRHihdUBRei/FTRTEW/FERYT;ERT_FD__kJFhfHFurOSMfRHihdUBRei_	6b7985d5a7719f873a3a570c71019e1e
_kJFhfHFurOSMfRHihdUBRei/FTRTEW/FERYT;ERT_gD__kJFhfHFurOSMfRHihdUBRei_	aa96e544eb7306d48a9d52cbb89ba0a4
_kJFhfHFurOSMfRHihdUBRei/FTRTEW/FERYT;ERT_GD__kJFhfHFurOSMfRHihdUBRei_	2987db3f306ab5370123506522e7ed17
_kJFhfHFurOSMfRHihdUBRei/FTRTEW/FERYT;ERT_hD__kJFhfHFurOSMfRHihdUBRei_	c8530d9bb6add3066bc01d450799157c
_kJFhfHFurOSMfRHihdUBRei/FTRTEW/FERYT;ERT_HD__kJFhfHFurOSMfRHihdUBRei_	ba63392970d55802921834def91368a1
_kJFhfHFurOSMfRHihdUBRei/FTRTEW/FERYT;ERT_iD__kJFhfHFurOSMfRHihdUBRei_	02155d10782928832d6b4e85e3c9a595
_kJFhfHFurOSMfRHihdUBRei/FTRTEW/FERYT;ERT_ID__kJFhfHFurOSMfRHihdUBRei_	55388a9875dd84a403bbc5f957920b66
_kJFhfHFurOSMfRHihdUBRei/FTRTEW/FERYT;ERT_jD__kJFhfHFurOSMfRHihdUBRei_	84fa50eee456254adb6324f94c07be73
_kJFhfHFurOSMfRHihdUBRei/FTRTEW/FERYT;ERT_JD__kJFhfHFurOSMfRHihdUBRei_	e5b4617dfa9b27f38b9591bca0f757a8
_kJFhfHFurOSMfRHihdUBRei/FTRTEW/FERYT;ERT_kD__kJFhfHFurOSMfRHihdUBRei_	9d66c845ecf3ca4cba6734f55ecc51b0
_kJFhfHFurOSMfRHihdUBRei/FTRTEW/FERYT;ERT_KD__kJFhfHFurOSMfRHihdUBRei_	b0334a8a464bb7b05c699ce672564aa5
_kJFhfHFurOSMfRHihdUBRei/FTRTEW/FERYT;ERT_lD__kJFhfHFurOSMfRHihdUBRei_	8afbb23d9303323c849bbccf40095b86
_kJFhfHFurOSMfRHihdUBRei/FTRTEW/FERYT;ERT_LD__kJFhfHFurOSMfRHihdUBRei_	87f7ac2980ed380451be8c8abb21d4cb
_kJFhfHFurOSMfRHihdUBRei/FTRTEW/FERYT;ERT_mD__kJFhfHFurOSMfRHihdUBRei_	a8ae36d1ce92ac26b591011855743aca
_kJFhfHFurOSMfRHihdUBRei/FTRTEW/FERYT;ERT_MD__kJFhfHFurOSMfRHihdUBRei_	3175386f1eb71e3495b9764d243d3f19
_kJFhfHFurOSMfRHihdUBRei/FTRTEW/FERYT;ERT_nD__kJFhfHFurOSMfRHihdUBRei_	398bcec5af02129db0d4a3a2bf89868a
_kJFhfHFurOSMfRHihdUBRei/FTRTEW/FERYT;ERT_ND__kJFhfHFurOSMfRHihdUBRei_	0d9ce117b12d05e510fe8600e32318e3
_kJFhfHFurOSMfRHihdUBRei/FTRTEW/FERYT;ERT_oD__kJFhfHFurOSMfRHihdUBRei_	4b018529ebdb5ef25d81d64ca391bde8
_kJFhfHFurOSMfRHihdUBRei/FTRTEW/FERYT;ERT_OD__kJFhfHFurOSMfRHihdUBRei_	904c54644f3d50420a7b071b0d536233
_kJFhfHFurOSMfRHihdUBRei/FTRTEW/FERYT;ERT_pD__kJFhfHFurOSMfRHihdUBRei_	37fa5034ccc7a4fecf2cbac949397d34
_kJFhfHFurOSMfRHihdUBRei/FTRTEW/FERYT;ERT_PD__kJFhfHFurOSMfRHihdUBRei_	0e244ca566212b1fba24038caa339471
_kJFhfHFurOSMfRHihdUBRei/FTRTEW/FERYT;ERT_qD__kJFhfHFurOSMfRHihdUBRei_	6b53fea0b20c8fe59900e2d7f51e1ed0
_kJFhfHFurOSMfRHihdUBRei/FTRTEW/FERYT;ERT_QD__kJFhfHFurOSMfRHihdUBRei_	9d63b24d79a26801ab4ba76c562aa708
_kJFhfHFurOSMfRHihdUBRei/FTRTEW/FERYT;ERT_rD__kJFhfHFurOSMfRHihdUBRei_	d472092a49314ee2fd3812578bbba96f
_kJFhfHFurOSMfRHihdUBRei/FTRTEW/FERYT;ERT_RD__kJFhfHFurOSMfRHihdUBRei_	3e47b37fd802b6de4a3fac86fec79981
_kJFhfHFurOSMfRHihdUBRei/FTRTEW/FERYT;ERT_sD__kJFhfHFurOSMfRHihdUBRei_	e7faff742b73a4128d42a4d31eb75af6
_kJFhfHFurOSMfRHihdUBRei/FTRTEW/FERYT;ERT_SD__kJFhfHFurOSMfRHihdUBRei_	c305e44318d8d6154ab6836ae2e1a2ee
_kJFhfHFurOSMfRHihdUBRei/FTRTEW/FERYT;ERT_tD__kJFhfHFurOSMfRHihdUBRei_	12dc53edd4ee330876bde609b4a8030c
_kJFhfHFurOSMfRHihdUBRei/FTRTEW/FERYT;ERT_TD__kJFhfHFurOSMfRHihdUBRei_	426b6ea88c5c157a4974397b9a20d15b
_kJFhfHFurOSMfRHihdUBRei/FTRTEW/FERYT;ERT_uD__kJFhfHFurOSMfRHihdUBRei_	abd77ee64c280e71d028603a11c49d56
_kJFhfHFurOSMfRHihdUBRei/FTRTEW/FERYT;ERT_UD__kJFhfHFurOSMfRHihdUBRei_	ed998a664e3c3a915dac1397702bca03
_kJFhfHFurOSMfRHihdUBRei/FTRTEW/FERYT;ERT_vD__kJFhfHFurOSMfRHihdUBRei_	3eb0ca46dfc2b61a1c5cd5108d74c2fb
_kJFhfHFurOSMfRHihdUBRei/FTRTEW/FERYT;ERT_VD__kJFhfHFurOSMfRHihdUBRei_	710d5075bf612ef836bf5de7eb2c9291
_kJFhfHFurOSMfRHihdUBRei/FTRTEW/FERYT;ERT_wD__kJFhfHFurOSMfRHihdUBRei_	20818efbdc33ff95dfe86d43432bcd96
_kJFhfHFurOSMfRHihdUBRei/FTRTEW/FERYT;ERT_WD__kJFhfHFurOSMfRHihdUBRei_	6eedf4590eb0942b6549c74bd6e9470d
_kJFhfHFurOSMfRHihdUBRei/FTRTEW/FERYT;ERT_xD__kJFhfHFurOSMfRHihdUBRei_	2d6553ceda90f1e50923190f95f0e1c9
_kJFhfHFurOSMfRHihdUBRei/FTRTEW/FERYT;ERT_XD__kJFhfHFurOSMfRHihdUBRei_	fc28cf11aff013f7932610dbeeaf64a0
_kJFhfHFurOSMfRHihdUBRei/FTRTEW/FERYT;ERT_yD__kJFhfHFurOSMfRHihdUBRei_	cb2a754371868af14771e91cad955729
_kJFhfHFurOSMfRHihdUBRei/FTRTEW/FERYT;ERT_YD__kJFhfHFurOSMfRHihdUBRei_	8b9bf5a606ce1aa7cff1c0d5cd4dcbe7
_kJFhfHFurOSMfRHihdUBRei/FTRTEW/FERYT;ERT_zD__kJFhfHFurOSMfRHihdUBRei_	70d71bf902cc07367658dda532fa90a2
_kJFhfHFurOSMfRHihdUBRei/FTRTEW/FERYT;ERT_ZD__kJFhfHFurOSMfRHihdUBRei_	08fcbcf08b8e28e60def418e0abb9a82
_kJFhfHFurOSMfRHihdUBRei/FTRTEW/FERYT;ERT_0D__kJFhfHFurOSMfRHihdUBRei_	b1439eb5a16a19106963cdbba3d0f7fd
_kJFhfHFurOSMfRHihdUBRei/FTRTEW/FERYT;ERT_1D__kJFhfHFurOSMfRHihdUBRei_	02418559a88b3bc5ac5486deb975ea58
_kJFhfHFurOSMfRHihdUBRei/FTRTEW/FERYT;ERT_2D__kJFhfHFurOSMfRHihdUBRei_	ca438099a3f16fa736e59639c2017e50
_kJFhfHFurOSMfRHihdUBRei/FTRTEW/FERYT;ERT_3D__kJFhfHFurOSMfRHihdUBRei_	e922fba34e91bda06d356668e8413ca6
_kJFhfHFurOSMfRHihdUBRei/FTRTEW/FERYT;ERT_4D__kJFhfHFurOSMfRHihdUBRei_	8ea2c05fa00cce7909a2d0031d3d0588
_kJFhfHFurOSMfRHihdUBRei/FTRTEW/FERYT;ERT_5D__kJFhfHFurOSMfRHihdUBRei_	720b414ad2c36be3fa229d8e1c24b7e2
_kJFhfHFurOSMfRHihdUBRei/FTRTEW/FERYT;ERT_6D__kJFhfHFurOSMfRHihdUBRei_	e2d2fbaf36851c7b89b9510f498808e1
_kJFhfHFurOSMfRHihdUBRei/FTRTEW/FERYT;ERT_7D__kJFhfHFurOSMfRHihdUBRei_	f11292ad16b80d46be136becf4de6776
_kJFhfHFurOSMfRHihdUBRei/FTRTEW/FERYT;ERT_8D__kJFhfHFurOSMfRHihdUBRei_	c86220c998e75d4dbc0d02f161b90a8b
_kJFhfHFurOSMfRHihdUBRei/FTRTEW/FERYT;ERT_9D__kJFhfHFurOSMfRHihdUBRei_	a0832cd3dac48a4437c89d36f252d88d
_kJFhfHFurOSMfRHihdUBRei/FTRTEW/FERYT;ERT_ae__kJFhfHFurOSMfRHihdUBRei_	251a0da679e89550967a6a6198453514
_kJFhfHFurOSMfRHihdUBRei/FTRTEW/FERYT;ERT_Ae__kJFhfHFurOSMfRHihdUBRei_	7920e5422d278bb08e31866cb625d5d7
_kJFhfHFurOSMfRHihdUBRei/FTRTEW/FERYT;ERT_be__kJFhfHFurOSMfRHihdUBRei_	5417ffa4e47e3535496173e167a31278
_kJFhfHFurOSMfRHihdUBRei/FTRTEW/FERYT;ERT_Be__kJFhfHFurOSMfRHihdUBRei_	663f112a82b392f85472175b5270bec9
_kJFhfHFurOSMfRHihdUBRei/FTRTEW/FERYT;ERT_ce__kJFhfHFurOSMfRHihdUBRei_	06174e0e3f94a482f5f55034a7ef604b
_kJFhfHFurOSMfRHihdUBRei/FTRTEW/FERYT;ERT_Ce__kJFhfHFurOSMfRHihdUBRei_	e683c66ac6d8ba6a3daafdb3f7e5f8d2
_kJFhfHFurOSMfRHihdUBRei/FTRTEW/FERYT;ERT_de__kJFhfHFurOSMfRHihdUBRei_	3ab439c94054221e068351860de0e1bb
_kJFhfHFurOSMfRHihdUBRei/FTRTEW/FERYT;ERT_De__kJFhfHFurOSMfRHihdUBRei_	30515e7540df62117b88395a4657ce09
_kJFhfHFurOSMfRHihdUBRei/FTRTEW/FERYT;ERT_ee__kJFhfHFurOSMfRHihdUBRei_	75eb3c98c14ba6d59a2f2156d237e16f
_kJFhfHFurOSMfRHihdUBRei/FTRTEW/FERYT;ERT_Ee__kJFhfHFurOSMfRHihdUBRei_	0e9a23b3ca81f4286f72e943986e881d
_kJFhfHFurOSMfRHihdUBRei/FTRTEW/FERYT;ERT_fe__kJFhfHFurOSMfRHihdUBRei_	0cb4a8ce37a0f921594ebcf18c8893fd
_kJFhfHFurOSMfRHihdUBRei/FTRTEW/FERYT;ERT_Fe__kJFhfHFurOSMfRHihdUBRei_	45e078674cc6ede722872f5fe597b6a8
_kJFhfHFurOSMfRHihdUBRei/FTRTEW/FERYT;ERT_ge__kJFhfHFurOSMfRHihdUBRei_	b46314d3cc54e8ba3275a27487a1bf75
_kJFhfHFurOSMfRHihdUBRei/FTRTEW/FERYT;ERT_Ge__kJFhfHFurOSMfRHihdUBRei_	4dd7983b22d9ce979d1fe1ddba683a95
_kJFhfHFurOSMfRHihdUBRei/FTRTEW/FERYT;ERT_he__kJFhfHFurOSMfRHihdUBRei_	a222fb75278c63539cfd8f620f44bbc8
_kJFhfHFurOSMfRHihdUBRei/FTRTEW/FERYT;ERT_He__kJFhfHFurOSMfRHihdUBRei_	93cc75ed0a2b4ad1ef1ea61e908887b8
_kJFhfHFurOSMfRHihdUBRei/FTRTEW/FERYT;ERT_ie__kJFhfHFurOSMfRHihdUBRei_	284f4bea43a687bb01bd6a602f991502
_kJFhfHFurOSMfRHihdUBRei/FTRTEW/FERYT;ERT_Ie__kJFhfHFurOSMfRHihdUBRei_	3ccfbe4ee2e4a4a9b5158afc2ca74869
_kJFhfHFurOSMfRHihdUBRei/FTRTEW/FERYT;ERT_je__kJFhfHFurOSMfRHihdUBRei_	584b3080fc42ff7361336b02c26ec0cf
_kJFhfHFurOSMfRHihdUBRei/FTRTEW/FERYT;ERT_Je__kJFhfHFurOSMfRHihdUBRei_	6e612971d54595004dc0b7940a795606
_kJFhfHFurOSMfRHihdUBRei/FTRTEW/FERYT;ERT_ke__kJFhfHFurOSMfRHihdUBRei_	3b021461e8b992ce1e72b7e2fa54ae0e
_kJFhfHFurOSMfRHihdUBRei/FTRTEW/FERYT;ERT_Ke__kJFhfHFurOSMfRHihdUBRei_	7c3a05d5a8fc50e9fd315219b8706d3d
_kJFhfHFurOSMfRHihdUBRei/FTRTEW/FERYT;ERT_le__kJFhfHFurOSMfRHihdUBRei_	9481d3b9a261e49e6761ffade176fa71
_kJFhfHFurOSMfRHihdUBRei/FTRTEW/FERYT;ERT_Le__kJFhfHFurOSMfRHihdUBRei_	76e46f76d1aee21618b715b955c88446
_kJFhfHFurOSMfRHihdUBRei/FTRTEW/FERYT;ERT_me__kJFhfHFurOSMfRHihdUBRei_	30cd3bf9125dd043d916c6a37b263db4
_kJFhfHFurOSMfRHihdUBRei/FTRTEW/FERYT;ERT_Me__kJFhfHFurOSMfRHihdUBRei_	84db4b916d707861b8887c56bb9a3711
_kJFhfHFurOSMfRHihdUBRei/FTRTEW/FERYT;ERT_ne__kJFhfHFurOSMfRHihdUBRei_	1d459293f6b86bb3d51195421eedf9f4
_kJFhfHFurOSMfRHihdUBRei/FTRTEW/FERYT;ERT_Ne__kJFhfHFurOSMfRHihdUBRei_	f8c4fcdfa12ba8ee896e35df498fa645
_kJFhfHFurOSMfRHihdUBRei/FTRTEW/FERYT;ERT_oe__kJFhfHFurOSMfRHihdUBRei_	d95ef0090578e4cdc32408b66ed4045b
_kJFhfHFurOSMfRHihdUBRei/FTRTEW/FERYT;ERT_Oe__kJFhfHFurOSMfRHihdUBRei_	054680ed25ab0ed939152e04fe0ed46f
_kJFhfHFurOSMfRHihdUBRei/FTRTEW/FERYT;ERT_pe__kJFhfHFurOSMfRHihdUBRei_	ae9f1870294438aca71fcc2f6cdbc763
_kJFhfHFurOSMfRHihdUBRei/FTRTEW/FERYT;ERT_Pe__kJFhfHFurOSMfRHihdUBRei_	fe72f3613b07d9ec7d817adcdf7811fd
_kJFhfHFurOSMfRHihdUBRei/FTRTEW/FERYT;ERT_qe__kJFhfHFurOSMfRHihdUBRei_	69416bff3917cc94bb6270c9c8ba3b36
_kJFhfHFurOSMfRHihdUBRei/FTRTEW/FERYT;ERT_Qe__kJFhfHFurOSMfRHihdUBRei_	46f7966abccd06d3b6dc13dbbfb72a0b
_kJFhfHFurOSMfRHihdUBRei/FTRTEW/FERYT;ERT_re__kJFhfHFurOSMfRHihdUBRei_	9aaad55261a4660946dbb9f7c01096bd
_kJFhfHFurOSMfRHihdUBRei/FTRTEW/FERYT;ERT_Re__kJFhfHFurOSMfRHihdUBRei_	9807b38b691f60c0db6c00bff9955591
_kJFhfHFurOSMfRHihdUBRei/FTRTEW/FERYT;ERT_se__kJFhfHFurOSMfRHihdUBRei_	c283a69683670ea7dbcf444dac044967
_kJFhfHFurOSMfRHihdUBRei/FTRTEW/FERYT;ERT_Se__kJFhfHFurOSMfRHihdUBRei_	2069bc0ce9e3e3a1b9c63e7a6915f298
_kJFhfHFurOSMfRHihdUBRei/FTRTEW/FERYT;ERT_te__kJFhfHFurOSMfRHihdUBRei_	2456f1445ec9071d40db3d5da70e2637
_kJFhfHFurOSMfRHihdUBRei/FTRTEW/FERYT;ERT_Te__kJFhfHFurOSMfRHihdUBRei_	b4c0338f6f943dcc0d71c73040bb06ee
_kJFhfHFurOSMfRHihdUBRei/FTRTEW/FERYT;ERT_ue__kJFhfHFurOSMfRHihdUBRei_	fe1a548e1c4c25a2006aca3df25478b6
_kJFhfHFurOSMfRHihdUBRei/FTRTEW/FERYT;ERT_Ue__kJFhfHFurOSMfRHihdUBRei_	88eca254245c91b7d0fc2124ec4bc766
_kJFhfHFurOSMfRHihdUBRei/FTRTEW/FERYT;ERT_ve__kJFhfHFurOSMfRHihdUBRei_	bf3e06c2dbdd284ea617f53cd57a71c2
_kJFhfHFurOSMfRHihdUBRei/FTRTEW/FERYT;ERT_Ve__kJFhfHFurOSMfRHihdUBRei_	1051ef18d33c1a1304993eacb3317063
_kJFhfHFurOSMfRHihdUBRei/FTRTEW/FERYT;ERT_we__kJFhfHFurOSMfRHihdUBRei_	df163dd67935e32014e44ceefe652685
_kJFhfHFurOSMfRHihdUBRei/FTRTEW/FERYT;ERT_We__kJFhfHFurOSMfRHihdUBRei_	0844f65734ac38f3d638f17b0125217c
_kJFhfHFurOSMfRHihdUBRei/FTRTEW/FERYT;ERT_xe__kJFhfHFurOSMfRHihdUBRei_	7651152c665aeae77e3f0a11e0319ebc
_kJFhfHFurOSMfRHihdUBRei/FTRTEW/FERYT;ERT_Xe__kJFhfHFurOSMfRHihdUBRei_	05c719191893e38b10fc1bb8529dcfd7
_kJFhfHFurOSMfRHihdUBRei/FTRTEW/FERYT;ERT_ye__kJFhfHFurOSMfRHihdUBRei_	181f1f91ab15efec92963d362a0353e7
_kJFhfHFurOSMfRHihdUBRei/FTRTEW/FERYT;ERT_Ye__kJFhfHFurOSMfRHihdUBRei_	be1898817967940ecd00e0a77739b5e5
_kJFhfHFurOSMfRHihdUBRei/FTRTEW/FERYT;ERT_ze__kJFhfHFurOSMfRHihdUBRei_	6ce3b22115922467971ac3fec3177ff4
_kJFhfHFurOSMfRHihdUBRei/FTRTEW/FERYT;ERT_Ze__kJFhfHFurOSMfRHihdUBRei_	03e546b718dfb1bebad692f04175fc3f
_kJFhfHFurOSMfRHihdUBRei/FTRTEW/FERYT;ERT_0e__kJFhfHFurOSMfRHihdUBRei_	ce74e597bbe340838ab04ab99215d23c
_kJFhfHFurOSMfRHihdUBRei/FTRTEW/FERYT;ERT_1e__kJFhfHFurOSMfRHihdUBRei_	0a09255befd659d0c61795846f281419
_kJFhfHFurOSMfRHihdUBRei/FTRTEW/FERYT;ERT_2e__kJFhfHFurOSMfRHihdUBRei_	15819471ee700e7e8fc2c838006d3b28
_kJFhfHFurOSMfRHihdUBRei/FTRTEW/FERYT;ERT_3e__kJFhfHFurOSMfRHihdUBRei_	447c36206fc460aaa66bdca3273215f9
_kJFhfHFurOSMfRHihdUBRei/FTRTEW/FERYT;ERT_4e__kJFhfHFurOSMfRHihdUBRei_	afdc7ad7c436ca3b75cabf24b335288e
_kJFhfHFurOSMfRHihdUBRei/FTRTEW/FERYT;ERT_5e__kJFhfHFurOSMfRHihdUBRei_	44536a6be20b5b0c420c0b3630d4fb0b
_kJFhfHFurOSMfRHihdUBRei/FTRTEW/FERYT;ERT_6e__kJFhfHFurOSMfRHihdUBRei_	a843853b1b05809740048a3ba94e1571
_kJFhfHFurOSMfRHihdUBRei/FTRTEW/FERYT;ERT_7e__kJFhfHFurOSMfRHihdUBRei_	d2cf80bccd48b2e28b24adcc8ca36cb3
_kJFhfHFurOSMfRHihdUBRei/FTRTEW/FERYT;ERT_8e__kJFhfHFurOSMfRHihdUBRei_	b23cc02d1752182032ce4c92504bc2c9
_kJFhfHFurOSMfRHihdUBRei/FTRTEW/FERYT;ERT_9e__kJFhfHFurOSMfRHihdUBRei_	d880ea751929beac47639eef1796848f
_kJFhfHFurOSMfRHihdUBRei/FTRTEW/FERYT;ERT_aE__kJFhfHFurOSMfRHihdUBRei_	62995e246b447fb9724f841dcb0a344a
_kJFhfHFurOSMfRHihdUBRei/FTRTEW/FERYT;ERT_AE__kJFhfHFurOSMfRHihdUBRei_	191d31b840195b3dd9090e051cde0e1a
_kJFhfHFurOSMfRHihdUBRei/FTRTEW/FERYT;ERT_bE__kJFhfHFurOSMfRHihdUBRei_	2f9ab97037e036b7f58bb8f868fde110
_kJFhfHFurOSMfRHihdUBRei/FTRTEW/FERYT;ERT_BE__kJFhfHFurOSMfRHihdUBRei_	c5d167094463bf6a0b28442fddaeab52
_kJFhfHFurOSMfRHihdUBRei/FTRTEW/FERYT;ERT_cE__kJFhfHFurOSMfRHihdUBRei_	73ac1aa2b8efe68f70be17391bc893a7
_kJFhfHFurOSMfRHihdUBRei/FTRTEW/FERYT;ERT_CE__kJFhfHFurOSMfRHihdUBRei_	0a518635446a81226a2b9edbafcf4530
_kJFhfHFurOSMfRHihdUBRei/FTRTEW/FERYT;ERT_dE__kJFhfHFurOSMfRHihdUBRei_	a5a370524b5a193777966f80498d4a95
_kJFhfHFurOSMfRHihdUBRei/FTRTEW/FERYT;ERT_DE__kJFhfHFurOSMfRHihdUBRei_	0f6c9750b16cac1053e94f6ef6edb080
_kJFhfHFurOSMfRHihdUBRei/FTRTEW/FERYT;ERT_eE__kJFhfHFurOSMfRHihdUBRei_	cdbe1233e13ba774b58f6fa3bbb9718c
_kJFhfHFurOSMfRHihdUBRei/FTRTEW/FERYT;ERT_EE__kJFhfHFurOSMfRHihdUBRei_	f465119b7f18d79f9ddfaee04ba608dc
_kJFhfHFurOSMfRHihdUBRei/FTRTEW/FERYT;ERT_fE__kJFhfHFurOSMfRHihdUBRei_	020cd61b76a452aababcd4ea9a634e1d
_kJFhfHFurOSMfRHihdUBRei/FTRTEW/FERYT;ERT_FE__kJFhfHFurOSMfRHihdUBRei_	5a92309194a9f7da997b59a2391557b9
_kJFhfHFurOSMfRHihdUBRei/FTRTEW/FERYT;ERT_gE__kJFhfHFurOSMfRHihdUBRei_	83a4147ada09765e93127272498a4b83
_kJFhfHFurOSMfRHihdUBRei/FTRTEW/FERYT;ERT_GE__kJFhfHFurOSMfRHihdUBRei_	17f752da6f5fda7553311cae188e6321
_kJFhfHFurOSMfRHihdUBRei/FTRTEW/FERYT;ERT_hE__kJFhfHFurOSMfRHihdUBRei_	d23c20f660b70f06b60e2f4297b53e26
_kJFhfHFurOSMfRHihdUBRei/FTRTEW/FERYT;ERT_HE__kJFhfHFurOSMfRHihdUBRei_	4538661ca249cde098284edb5c18612a
_kJFhfHFurOSMfRHihdUBRei/FTRTEW/FERYT;ERT_iE__kJFhfHFurOSMfRHihdUBRei_	037d12dffcc2e0e30285a0aa714ca864
_kJFhfHFurOSMfRHihdUBRei/FTRTEW/FERYT;ERT_IE__kJFhfHFurOSMfRHihdUBRei_	d091355c6853a6cffd5c3afe1142ac57
_kJFhfHFurOSMfRHihdUBRei/FTRTEW/FERYT;ERT_jE__kJFhfHFurOSMfRHihdUBRei_	e06081396d28fa9c2a2e05489cba3522
_kJFhfHFurOSMfRHihdUBRei/FTRTEW/FERYT;ERT_JE__kJFhfHFurOSMfRHihdUBRei_	413d454a9ab741ab9704ab309a267554
_kJFhfHFurOSMfRHihdUBRei/FTRTEW/FERYT;ERT_kE__kJFhfHFurOSMfRHihdUBRei_	4e34346eaf107599ef6a4877cee6a6b0
_kJFhfHFurOSMfRHihdUBRei/FTRTEW/FERYT;ERT_KE__kJFhfHFurOSMfRHihdUBRei_	21cc634a09c6f83cdd18f2d0f3744850
_kJFhfHFurOSMfRHihdUBRei/FTRTEW/FERYT;ERT_lE__kJFhfHFurOSMfRHihdUBRei_	1d485119e64abbd8bab41a0c82d5f245
_kJFhfHFurOSMfRHihdUBRei/FTRTEW/FERYT;ERT_LE__kJFhfHFurOSMfRHihdUBRei_	e9db10f70ae38272d83bc962170f26a7
_kJFhfHFurOSMfRHihdUBRei/FTRTEW/FERYT;ERT_mE__kJFhfHFurOSMfRHihdUBRei_	66e37c52e3b2902b289100d61564163f
_kJFhfHFurOSMfRHihdUBRei/FTRTEW/FERYT;ERT_ME__kJFhfHFurOSMfRHihdUBRei_	240b973f21266d6d2251c1c07a502c4a
_kJFhfHFurOSMfRHihdUBRei/FTRTEW/FERYT;ERT_nE__kJFhfHFurOSMfRHihdUBRei_	70de9b4727b72955427cae264d4753b7
_kJFhfHFurOSMfRHihdUBRei/FTRTEW/FERYT;ERT_NE__kJFhfHFurOSMfRHihdUBRei_	e9f85a671432c11edbdeaee565e3af41
_kJFhfHFurOSMfRHihdUBRei/FTRTEW/FERYT;ERT_oE__kJFhfHFurOSMfRHihdUBRei_	229d37b0957c13e2d668c4cd67e76154
_kJFhfHFurOSMfRHihdUBRei/FTRTEW/FERYT;ERT_OE__kJFhfHFurOSMfRHihdUBRei_	91f063604e464a1c871f4feb6ccaeece
_kJFhfHFurOSMfRHihdUBRei/FTRTEW/FERYT;ERT_pE__kJFhfHFurOSMfRHihdUBRei_	d0044f6e95687be90f1a146c46eab39d
_kJFhfHFurOSMfRHihdUBRei/FTRTEW/FERYT;ERT_PE__kJFhfHFurOSMfRHihdUBRei_	ba6c69e7db09897d52ed71cc85f01b8c
_kJFhfHFurOSMfRHihdUBRei/FTRTEW/FERYT;ERT_qE__kJFhfHFurOSMfRHihdUBRei_	f6f2fc9dcfd551feea36957888513cb0
_kJFhfHFurOSMfRHihdUBRei/FTRTEW/FERYT;ERT_QE__kJFhfHFurOSMfRHihdUBRei_	25b40089516d7058fa561bcd0c5e515f
